Archive member included to satisfy reference by file (symbol)

d:/programlar/stm32cubeide/stm32cubeide_1.3.0/stm32cubeide/plugins/com.st.stm32cube.ide.mcu.externaltools.gnu-tools-for-stm32.7-2018-q2-update.win32_1.0.0.201904181610/tools/bin/../lib/gcc/arm-none-eabi/7.3.1/../../../../arm-none-eabi/lib/thumb/v7e-m\libc_nano.a(lib_a-exit.o)
                              d:/programlar/stm32cubeide/stm32cubeide_1.3.0/stm32cubeide/plugins/com.st.stm32cube.ide.mcu.externaltools.gnu-tools-for-stm32.7-2018-q2-update.win32_1.0.0.201904181610/tools/bin/../lib/gcc/arm-none-eabi/7.3.1/../../../../arm-none-eabi/lib/thumb/v7e-m/crt0.o (exit)
d:/programlar/stm32cubeide/stm32cubeide_1.3.0/stm32cubeide/plugins/com.st.stm32cube.ide.mcu.externaltools.gnu-tools-for-stm32.7-2018-q2-update.win32_1.0.0.201904181610/tools/bin/../lib/gcc/arm-none-eabi/7.3.1/../../../../arm-none-eabi/lib/thumb/v7e-m\libc_nano.a(lib_a-impure.o)
                              d:/programlar/stm32cubeide/stm32cubeide_1.3.0/stm32cubeide/plugins/com.st.stm32cube.ide.mcu.externaltools.gnu-tools-for-stm32.7-2018-q2-update.win32_1.0.0.201904181610/tools/bin/../lib/gcc/arm-none-eabi/7.3.1/../../../../arm-none-eabi/lib/thumb/v7e-m\libc_nano.a(lib_a-exit.o) (_global_impure_ptr)
d:/programlar/stm32cubeide/stm32cubeide_1.3.0/stm32cubeide/plugins/com.st.stm32cube.ide.mcu.externaltools.gnu-tools-for-stm32.7-2018-q2-update.win32_1.0.0.201904181610/tools/bin/../lib/gcc/arm-none-eabi/7.3.1/../../../../arm-none-eabi/lib/thumb/v7e-m\libc_nano.a(lib_a-init.o)
                              d:/programlar/stm32cubeide/stm32cubeide_1.3.0/stm32cubeide/plugins/com.st.stm32cube.ide.mcu.externaltools.gnu-tools-for-stm32.7-2018-q2-update.win32_1.0.0.201904181610/tools/bin/../lib/gcc/arm-none-eabi/7.3.1/../../../../arm-none-eabi/lib/thumb/v7e-m/crt0.o (__libc_init_array)
d:/programlar/stm32cubeide/stm32cubeide_1.3.0/stm32cubeide/plugins/com.st.stm32cube.ide.mcu.externaltools.gnu-tools-for-stm32.7-2018-q2-update.win32_1.0.0.201904181610/tools/bin/../lib/gcc/arm-none-eabi/7.3.1/../../../../arm-none-eabi/lib/thumb/v7e-m\libc_nano.a(lib_a-memcpy-stub.o)
                              aes.o (memcpy)
d:/programlar/stm32cubeide/stm32cubeide_1.3.0/stm32cubeide/plugins/com.st.stm32cube.ide.mcu.externaltools.gnu-tools-for-stm32.7-2018-q2-update.win32_1.0.0.201904181610/tools/bin/../lib/gcc/arm-none-eabi/7.3.1/../../../../arm-none-eabi/lib/thumb/v7e-m\libc_nano.a(lib_a-memset.o)
                              d:/programlar/stm32cubeide/stm32cubeide_1.3.0/stm32cubeide/plugins/com.st.stm32cube.ide.mcu.externaltools.gnu-tools-for-stm32.7-2018-q2-update.win32_1.0.0.201904181610/tools/bin/../lib/gcc/arm-none-eabi/7.3.1/../../../../arm-none-eabi/lib/thumb/v7e-m/crt0.o (memset)
d:/programlar/stm32cubeide/stm32cubeide_1.3.0/stm32cubeide/plugins/com.st.stm32cube.ide.mcu.externaltools.gnu-tools-for-stm32.7-2018-q2-update.win32_1.0.0.201904181610/tools/bin/../lib/gcc/arm-none-eabi/7.3.1/../../../../arm-none-eabi/lib/thumb/v7e-m\libnosys.a(_exit.o)
                              d:/programlar/stm32cubeide/stm32cubeide_1.3.0/stm32cubeide/plugins/com.st.stm32cube.ide.mcu.externaltools.gnu-tools-for-stm32.7-2018-q2-update.win32_1.0.0.201904181610/tools/bin/../lib/gcc/arm-none-eabi/7.3.1/../../../../arm-none-eabi/lib/thumb/v7e-m\libc_nano.a(lib_a-exit.o) (_exit)

Allocating common symbols
Common symbol       size              file

in                  0x10              main.o
DataFbuf_tx         0x10              main.o
DataFrame_rx        0x4               main.o
tDelay              0x4               main.o
mem_datao           0x4               main.o
DataFbuf_rx         0x10              main.o
identifier          0x1               main.o
DataTemplate        0x4               main.o
identifier_rx       0x1               main.o

Discarded input sections

 .text          0x0000000000000000        0x0 d:/programlar/stm32cubeide/stm32cubeide_1.3.0/stm32cubeide/plugins/com.st.stm32cube.ide.mcu.externaltools.gnu-tools-for-stm32.7-2018-q2-update.win32_1.0.0.201904181610/tools/bin/../lib/gcc/arm-none-eabi/7.3.1/thumb/v7e-m/crti.o
 .data          0x0000000000000000        0x0 d:/programlar/stm32cubeide/stm32cubeide_1.3.0/stm32cubeide/plugins/com.st.stm32cube.ide.mcu.externaltools.gnu-tools-for-stm32.7-2018-q2-update.win32_1.0.0.201904181610/tools/bin/../lib/gcc/arm-none-eabi/7.3.1/thumb/v7e-m/crti.o
 .bss           0x0000000000000000        0x0 d:/programlar/stm32cubeide/stm32cubeide_1.3.0/stm32cubeide/plugins/com.st.stm32cube.ide.mcu.externaltools.gnu-tools-for-stm32.7-2018-q2-update.win32_1.0.0.201904181610/tools/bin/../lib/gcc/arm-none-eabi/7.3.1/thumb/v7e-m/crti.o
 .data          0x0000000000000000        0x4 d:/programlar/stm32cubeide/stm32cubeide_1.3.0/stm32cubeide/plugins/com.st.stm32cube.ide.mcu.externaltools.gnu-tools-for-stm32.7-2018-q2-update.win32_1.0.0.201904181610/tools/bin/../lib/gcc/arm-none-eabi/7.3.1/thumb/v7e-m/crtbegin.o
 .text          0x0000000000000000       0x74 d:/programlar/stm32cubeide/stm32cubeide_1.3.0/stm32cubeide/plugins/com.st.stm32cube.ide.mcu.externaltools.gnu-tools-for-stm32.7-2018-q2-update.win32_1.0.0.201904181610/tools/bin/../lib/gcc/arm-none-eabi/7.3.1/../../../../arm-none-eabi/lib/thumb/v7e-m/crt0.o
 .data          0x0000000000000000        0x0 d:/programlar/stm32cubeide/stm32cubeide_1.3.0/stm32cubeide/plugins/com.st.stm32cube.ide.mcu.externaltools.gnu-tools-for-stm32.7-2018-q2-update.win32_1.0.0.201904181610/tools/bin/../lib/gcc/arm-none-eabi/7.3.1/../../../../arm-none-eabi/lib/thumb/v7e-m/crt0.o
 .bss           0x0000000000000000        0x0 d:/programlar/stm32cubeide/stm32cubeide_1.3.0/stm32cubeide/plugins/com.st.stm32cube.ide.mcu.externaltools.gnu-tools-for-stm32.7-2018-q2-update.win32_1.0.0.201904181610/tools/bin/../lib/gcc/arm-none-eabi/7.3.1/../../../../arm-none-eabi/lib/thumb/v7e-m/crt0.o
 .ARM.extab     0x0000000000000000        0x0 d:/programlar/stm32cubeide/stm32cubeide_1.3.0/stm32cubeide/plugins/com.st.stm32cube.ide.mcu.externaltools.gnu-tools-for-stm32.7-2018-q2-update.win32_1.0.0.201904181610/tools/bin/../lib/gcc/arm-none-eabi/7.3.1/../../../../arm-none-eabi/lib/thumb/v7e-m/crt0.o
 .ARM.exidx     0x0000000000000000        0x8 d:/programlar/stm32cubeide/stm32cubeide_1.3.0/stm32cubeide/plugins/com.st.stm32cube.ide.mcu.externaltools.gnu-tools-for-stm32.7-2018-q2-update.win32_1.0.0.201904181610/tools/bin/../lib/gcc/arm-none-eabi/7.3.1/../../../../arm-none-eabi/lib/thumb/v7e-m/crt0.o
 .ARM.attributes
                0x0000000000000000       0x1c d:/programlar/stm32cubeide/stm32cubeide_1.3.0/stm32cubeide/plugins/com.st.stm32cube.ide.mcu.externaltools.gnu-tools-for-stm32.7-2018-q2-update.win32_1.0.0.201904181610/tools/bin/../lib/gcc/arm-none-eabi/7.3.1/../../../../arm-none-eabi/lib/thumb/v7e-m/crt0.o
 .group         0x0000000000000000        0xc aes.o
 .group         0x0000000000000000        0xc aes.o
 .group         0x0000000000000000        0xc aes.o
 .group         0x0000000000000000        0xc aes.o
 .group         0x0000000000000000        0xc aes.o
 .group         0x0000000000000000        0xc aes.o
 .group         0x0000000000000000        0xc aes.o
 .group         0x0000000000000000        0xc aes.o
 .group         0x0000000000000000        0xc aes.o
 .group         0x0000000000000000        0xc aes.o
 .group         0x0000000000000000        0xc aes.o
 .group         0x0000000000000000        0xc aes.o
 .group         0x0000000000000000        0xc aes.o
 .group         0x0000000000000000        0xc aes.o
 .group         0x0000000000000000        0xc aes.o
 .group         0x0000000000000000        0xc aes.o
 .group         0x0000000000000000        0xc aes.o
 .group         0x0000000000000000        0xc aes.o
 .group         0x0000000000000000        0xc aes.o
 .group         0x0000000000000000        0xc aes.o
 .group         0x0000000000000000        0xc aes.o
 .group         0x0000000000000000        0xc aes.o
 .text          0x0000000000000000        0x0 aes.o
 .data          0x0000000000000000        0x0 aes.o
 .bss           0x0000000000000000        0x0 aes.o
 .text.AES_init_ctx_iv
                0x0000000000000000       0x2c aes.o
 .text.AES_ctx_set_iv
                0x0000000000000000       0x20 aes.o
 .text.XorWithIv
                0x0000000000000000       0x42 aes.o
 .text.AES_CBC_encrypt_buffer
                0x0000000000000000       0x58 aes.o
 .text.AES_CBC_decrypt_buffer
                0x0000000000000000       0x68 aes.o
 .text.AES_CTR_xcrypt_buffer
                0x0000000000000000       0xc4 aes.o
 .group         0x0000000000000000        0xc main.o
 .group         0x0000000000000000        0xc main.o
 .group         0x0000000000000000        0xc main.o
 .group         0x0000000000000000        0xc main.o
 .group         0x0000000000000000        0xc main.o
 .group         0x0000000000000000        0xc main.o
 .group         0x0000000000000000        0xc main.o
 .group         0x0000000000000000        0xc main.o
 .group         0x0000000000000000        0xc main.o
 .group         0x0000000000000000        0xc main.o
 .group         0x0000000000000000        0xc main.o
 .group         0x0000000000000000        0xc main.o
 .group         0x0000000000000000        0xc main.o
 .group         0x0000000000000000        0xc main.o
 .group         0x0000000000000000        0xc main.o
 .group         0x0000000000000000        0xc main.o
 .group         0x0000000000000000        0xc main.o
 .group         0x0000000000000000        0xc main.o
 .group         0x0000000000000000        0xc main.o
 .group         0x0000000000000000        0xc main.o
 .group         0x0000000000000000        0xc main.o
 .group         0x0000000000000000        0xc main.o
 .group         0x0000000000000000        0xc main.o
 .group         0x0000000000000000        0xc main.o
 .group         0x0000000000000000        0xc main.o
 .group         0x0000000000000000        0xc main.o
 .group         0x0000000000000000        0xc main.o
 .group         0x0000000000000000        0xc main.o
 .group         0x0000000000000000        0xc main.o
 .group         0x0000000000000000        0xc main.o
 .group         0x0000000000000000        0xc main.o
 .group         0x0000000000000000        0xc main.o
 .text          0x0000000000000000        0x0 main.o
 .data          0x0000000000000000        0x0 main.o
 .bss           0x0000000000000000        0x0 main.o
 .data.RC_mod   0x0000000000000000        0x4 main.o
 .data.iv       0x0000000000000000       0x10 main.o
 .bss.c         0x0000000000000000        0x1 main.o
 .bss.count_tx  0x0000000000000000        0x1 main.o
 .debug_macro   0x0000000000000000      0xa6c main.o
 .debug_macro   0x0000000000000000       0x22 main.o
 .debug_macro   0x0000000000000000       0xef main.o
 .debug_macro   0x0000000000000000       0x6a main.o
 .debug_macro   0x0000000000000000      0x1df main.o
 .debug_macro   0x0000000000000000       0x18 main.o
 .debug_macro   0x0000000000000000       0x3c main.o
 .debug_macro   0x0000000000000000       0x34 main.o
 .debug_macro   0x0000000000000000      0x174 main.o
 .debug_macro   0x0000000000000000       0x52 main.o
 .debug_macro   0x0000000000000000       0x1f main.o
 .debug_macro   0x0000000000000000       0x43 main.o
 .debug_macro   0x0000000000000000       0x20 main.o
 .debug_macro   0x0000000000000000      0x1a3 main.o
 .debug_macro   0x0000000000000000       0x10 main.o
 .debug_macro   0x0000000000000000       0x35 main.o
 .debug_macro   0x0000000000000000       0x20 main.o
 .text          0x0000000000000000       0x14 startup_stm32f407vgtx.o
 .data          0x0000000000000000        0x0 startup_stm32f407vgtx.o
 .bss           0x0000000000000000        0x0 startup_stm32f407vgtx.o
 .group         0x0000000000000000        0xc system_stm32f4xx.o
 .group         0x0000000000000000        0xc system_stm32f4xx.o
 .group         0x0000000000000000        0xc system_stm32f4xx.o
 .group         0x0000000000000000        0xc system_stm32f4xx.o
 .group         0x0000000000000000        0xc system_stm32f4xx.o
 .group         0x0000000000000000        0xc system_stm32f4xx.o
 .group         0x0000000000000000        0xc system_stm32f4xx.o
 .group         0x0000000000000000        0xc system_stm32f4xx.o
 .group         0x0000000000000000        0xc system_stm32f4xx.o
 .group         0x0000000000000000        0xc system_stm32f4xx.o
 .group         0x0000000000000000        0xc system_stm32f4xx.o
 .group         0x0000000000000000        0xc system_stm32f4xx.o
 .group         0x0000000000000000        0xc system_stm32f4xx.o
 .group         0x0000000000000000        0xc system_stm32f4xx.o
 .group         0x0000000000000000        0xc system_stm32f4xx.o
 .group         0x0000000000000000        0xc system_stm32f4xx.o
 .group         0x0000000000000000        0xc system_stm32f4xx.o
 .text          0x0000000000000000        0x0 system_stm32f4xx.o
 .data          0x0000000000000000        0x0 system_stm32f4xx.o
 .bss           0x0000000000000000        0x0 system_stm32f4xx.o
 .debug_macro   0x0000000000000000      0xa6c system_stm32f4xx.o
 .debug_macro   0x0000000000000000       0x2c system_stm32f4xx.o
 .debug_macro   0x0000000000000000       0x2f system_stm32f4xx.o
 .debug_macro   0x0000000000000000       0x22 system_stm32f4xx.o
 .debug_macro   0x0000000000000000       0x8e system_stm32f4xx.o
 .debug_macro   0x0000000000000000       0x51 system_stm32f4xx.o
 .debug_macro   0x0000000000000000       0xef system_stm32f4xx.o
 .debug_macro   0x0000000000000000       0x6a system_stm32f4xx.o
 .debug_macro   0x0000000000000000      0x1df system_stm32f4xx.o
 .debug_macro   0x0000000000000000       0x1c system_stm32f4xx.o
 .debug_macro   0x0000000000000000       0x22 system_stm32f4xx.o
 .debug_macro   0x0000000000000000      0x101 system_stm32f4xx.o
 .debug_macro   0x0000000000000000     0x1011 system_stm32f4xx.o
 .debug_macro   0x0000000000000000      0x11f system_stm32f4xx.o
 .debug_macro   0x0000000000000000    0x15d08 system_stm32f4xx.o
 .debug_macro   0x0000000000000000       0x43 system_stm32f4xx.o
 .debug_macro   0x0000000000000000       0x1c system_stm32f4xx.o
 .text          0x0000000000000000        0x0 d:/programlar/stm32cubeide/stm32cubeide_1.3.0/stm32cubeide/plugins/com.st.stm32cube.ide.mcu.externaltools.gnu-tools-for-stm32.7-2018-q2-update.win32_1.0.0.201904181610/tools/bin/../lib/gcc/arm-none-eabi/7.3.1/../../../../arm-none-eabi/lib/thumb/v7e-m\libc_nano.a(lib_a-exit.o)
 .data          0x0000000000000000        0x0 d:/programlar/stm32cubeide/stm32cubeide_1.3.0/stm32cubeide/plugins/com.st.stm32cube.ide.mcu.externaltools.gnu-tools-for-stm32.7-2018-q2-update.win32_1.0.0.201904181610/tools/bin/../lib/gcc/arm-none-eabi/7.3.1/../../../../arm-none-eabi/lib/thumb/v7e-m\libc_nano.a(lib_a-exit.o)
 .bss           0x0000000000000000        0x0 d:/programlar/stm32cubeide/stm32cubeide_1.3.0/stm32cubeide/plugins/com.st.stm32cube.ide.mcu.externaltools.gnu-tools-for-stm32.7-2018-q2-update.win32_1.0.0.201904181610/tools/bin/../lib/gcc/arm-none-eabi/7.3.1/../../../../arm-none-eabi/lib/thumb/v7e-m\libc_nano.a(lib_a-exit.o)
 .text.exit     0x0000000000000000       0x28 d:/programlar/stm32cubeide/stm32cubeide_1.3.0/stm32cubeide/plugins/com.st.stm32cube.ide.mcu.externaltools.gnu-tools-for-stm32.7-2018-q2-update.win32_1.0.0.201904181610/tools/bin/../lib/gcc/arm-none-eabi/7.3.1/../../../../arm-none-eabi/lib/thumb/v7e-m\libc_nano.a(lib_a-exit.o)
 .debug_frame   0x0000000000000000       0x28 d:/programlar/stm32cubeide/stm32cubeide_1.3.0/stm32cubeide/plugins/com.st.stm32cube.ide.mcu.externaltools.gnu-tools-for-stm32.7-2018-q2-update.win32_1.0.0.201904181610/tools/bin/../lib/gcc/arm-none-eabi/7.3.1/../../../../arm-none-eabi/lib/thumb/v7e-m\libc_nano.a(lib_a-exit.o)
 .ARM.attributes
                0x0000000000000000       0x2e d:/programlar/stm32cubeide/stm32cubeide_1.3.0/stm32cubeide/plugins/com.st.stm32cube.ide.mcu.externaltools.gnu-tools-for-stm32.7-2018-q2-update.win32_1.0.0.201904181610/tools/bin/../lib/gcc/arm-none-eabi/7.3.1/../../../../arm-none-eabi/lib/thumb/v7e-m\libc_nano.a(lib_a-exit.o)
 .text          0x0000000000000000        0x0 d:/programlar/stm32cubeide/stm32cubeide_1.3.0/stm32cubeide/plugins/com.st.stm32cube.ide.mcu.externaltools.gnu-tools-for-stm32.7-2018-q2-update.win32_1.0.0.201904181610/tools/bin/../lib/gcc/arm-none-eabi/7.3.1/../../../../arm-none-eabi/lib/thumb/v7e-m\libc_nano.a(lib_a-impure.o)
 .data          0x0000000000000000        0x0 d:/programlar/stm32cubeide/stm32cubeide_1.3.0/stm32cubeide/plugins/com.st.stm32cube.ide.mcu.externaltools.gnu-tools-for-stm32.7-2018-q2-update.win32_1.0.0.201904181610/tools/bin/../lib/gcc/arm-none-eabi/7.3.1/../../../../arm-none-eabi/lib/thumb/v7e-m\libc_nano.a(lib_a-impure.o)
 .bss           0x0000000000000000        0x0 d:/programlar/stm32cubeide/stm32cubeide_1.3.0/stm32cubeide/plugins/com.st.stm32cube.ide.mcu.externaltools.gnu-tools-for-stm32.7-2018-q2-update.win32_1.0.0.201904181610/tools/bin/../lib/gcc/arm-none-eabi/7.3.1/../../../../arm-none-eabi/lib/thumb/v7e-m\libc_nano.a(lib_a-impure.o)
 .data._impure_ptr
                0x0000000000000000        0x4 d:/programlar/stm32cubeide/stm32cubeide_1.3.0/stm32cubeide/plugins/com.st.stm32cube.ide.mcu.externaltools.gnu-tools-for-stm32.7-2018-q2-update.win32_1.0.0.201904181610/tools/bin/../lib/gcc/arm-none-eabi/7.3.1/../../../../arm-none-eabi/lib/thumb/v7e-m\libc_nano.a(lib_a-impure.o)
 .data.impure_data
                0x0000000000000000       0x60 d:/programlar/stm32cubeide/stm32cubeide_1.3.0/stm32cubeide/plugins/com.st.stm32cube.ide.mcu.externaltools.gnu-tools-for-stm32.7-2018-q2-update.win32_1.0.0.201904181610/tools/bin/../lib/gcc/arm-none-eabi/7.3.1/../../../../arm-none-eabi/lib/thumb/v7e-m\libc_nano.a(lib_a-impure.o)
 .rodata._global_impure_ptr
                0x0000000000000000        0x4 d:/programlar/stm32cubeide/stm32cubeide_1.3.0/stm32cubeide/plugins/com.st.stm32cube.ide.mcu.externaltools.gnu-tools-for-stm32.7-2018-q2-update.win32_1.0.0.201904181610/tools/bin/../lib/gcc/arm-none-eabi/7.3.1/../../../../arm-none-eabi/lib/thumb/v7e-m\libc_nano.a(lib_a-impure.o)
 .ARM.attributes
                0x0000000000000000       0x2e d:/programlar/stm32cubeide/stm32cubeide_1.3.0/stm32cubeide/plugins/com.st.stm32cube.ide.mcu.externaltools.gnu-tools-for-stm32.7-2018-q2-update.win32_1.0.0.201904181610/tools/bin/../lib/gcc/arm-none-eabi/7.3.1/../../../../arm-none-eabi/lib/thumb/v7e-m\libc_nano.a(lib_a-impure.o)
 .text          0x0000000000000000        0x0 d:/programlar/stm32cubeide/stm32cubeide_1.3.0/stm32cubeide/plugins/com.st.stm32cube.ide.mcu.externaltools.gnu-tools-for-stm32.7-2018-q2-update.win32_1.0.0.201904181610/tools/bin/../lib/gcc/arm-none-eabi/7.3.1/../../../../arm-none-eabi/lib/thumb/v7e-m\libc_nano.a(lib_a-init.o)
 .data          0x0000000000000000        0x0 d:/programlar/stm32cubeide/stm32cubeide_1.3.0/stm32cubeide/plugins/com.st.stm32cube.ide.mcu.externaltools.gnu-tools-for-stm32.7-2018-q2-update.win32_1.0.0.201904181610/tools/bin/../lib/gcc/arm-none-eabi/7.3.1/../../../../arm-none-eabi/lib/thumb/v7e-m\libc_nano.a(lib_a-init.o)
 .bss           0x0000000000000000        0x0 d:/programlar/stm32cubeide/stm32cubeide_1.3.0/stm32cubeide/plugins/com.st.stm32cube.ide.mcu.externaltools.gnu-tools-for-stm32.7-2018-q2-update.win32_1.0.0.201904181610/tools/bin/../lib/gcc/arm-none-eabi/7.3.1/../../../../arm-none-eabi/lib/thumb/v7e-m\libc_nano.a(lib_a-init.o)
 .text          0x0000000000000000        0x0 d:/programlar/stm32cubeide/stm32cubeide_1.3.0/stm32cubeide/plugins/com.st.stm32cube.ide.mcu.externaltools.gnu-tools-for-stm32.7-2018-q2-update.win32_1.0.0.201904181610/tools/bin/../lib/gcc/arm-none-eabi/7.3.1/../../../../arm-none-eabi/lib/thumb/v7e-m\libc_nano.a(lib_a-memcpy-stub.o)
 .data          0x0000000000000000        0x0 d:/programlar/stm32cubeide/stm32cubeide_1.3.0/stm32cubeide/plugins/com.st.stm32cube.ide.mcu.externaltools.gnu-tools-for-stm32.7-2018-q2-update.win32_1.0.0.201904181610/tools/bin/../lib/gcc/arm-none-eabi/7.3.1/../../../../arm-none-eabi/lib/thumb/v7e-m\libc_nano.a(lib_a-memcpy-stub.o)
 .bss           0x0000000000000000        0x0 d:/programlar/stm32cubeide/stm32cubeide_1.3.0/stm32cubeide/plugins/com.st.stm32cube.ide.mcu.externaltools.gnu-tools-for-stm32.7-2018-q2-update.win32_1.0.0.201904181610/tools/bin/../lib/gcc/arm-none-eabi/7.3.1/../../../../arm-none-eabi/lib/thumb/v7e-m\libc_nano.a(lib_a-memcpy-stub.o)
 .text.memcpy   0x0000000000000000       0x16 d:/programlar/stm32cubeide/stm32cubeide_1.3.0/stm32cubeide/plugins/com.st.stm32cube.ide.mcu.externaltools.gnu-tools-for-stm32.7-2018-q2-update.win32_1.0.0.201904181610/tools/bin/../lib/gcc/arm-none-eabi/7.3.1/../../../../arm-none-eabi/lib/thumb/v7e-m\libc_nano.a(lib_a-memcpy-stub.o)
 .debug_frame   0x0000000000000000       0x28 d:/programlar/stm32cubeide/stm32cubeide_1.3.0/stm32cubeide/plugins/com.st.stm32cube.ide.mcu.externaltools.gnu-tools-for-stm32.7-2018-q2-update.win32_1.0.0.201904181610/tools/bin/../lib/gcc/arm-none-eabi/7.3.1/../../../../arm-none-eabi/lib/thumb/v7e-m\libc_nano.a(lib_a-memcpy-stub.o)
 .ARM.attributes
                0x0000000000000000       0x2e d:/programlar/stm32cubeide/stm32cubeide_1.3.0/stm32cubeide/plugins/com.st.stm32cube.ide.mcu.externaltools.gnu-tools-for-stm32.7-2018-q2-update.win32_1.0.0.201904181610/tools/bin/../lib/gcc/arm-none-eabi/7.3.1/../../../../arm-none-eabi/lib/thumb/v7e-m\libc_nano.a(lib_a-memcpy-stub.o)
 .text          0x0000000000000000        0x0 d:/programlar/stm32cubeide/stm32cubeide_1.3.0/stm32cubeide/plugins/com.st.stm32cube.ide.mcu.externaltools.gnu-tools-for-stm32.7-2018-q2-update.win32_1.0.0.201904181610/tools/bin/../lib/gcc/arm-none-eabi/7.3.1/../../../../arm-none-eabi/lib/thumb/v7e-m\libc_nano.a(lib_a-memset.o)
 .data          0x0000000000000000        0x0 d:/programlar/stm32cubeide/stm32cubeide_1.3.0/stm32cubeide/plugins/com.st.stm32cube.ide.mcu.externaltools.gnu-tools-for-stm32.7-2018-q2-update.win32_1.0.0.201904181610/tools/bin/../lib/gcc/arm-none-eabi/7.3.1/../../../../arm-none-eabi/lib/thumb/v7e-m\libc_nano.a(lib_a-memset.o)
 .bss           0x0000000000000000        0x0 d:/programlar/stm32cubeide/stm32cubeide_1.3.0/stm32cubeide/plugins/com.st.stm32cube.ide.mcu.externaltools.gnu-tools-for-stm32.7-2018-q2-update.win32_1.0.0.201904181610/tools/bin/../lib/gcc/arm-none-eabi/7.3.1/../../../../arm-none-eabi/lib/thumb/v7e-m\libc_nano.a(lib_a-memset.o)
 .text.memset   0x0000000000000000       0x10 d:/programlar/stm32cubeide/stm32cubeide_1.3.0/stm32cubeide/plugins/com.st.stm32cube.ide.mcu.externaltools.gnu-tools-for-stm32.7-2018-q2-update.win32_1.0.0.201904181610/tools/bin/../lib/gcc/arm-none-eabi/7.3.1/../../../../arm-none-eabi/lib/thumb/v7e-m\libc_nano.a(lib_a-memset.o)
 .debug_frame   0x0000000000000000       0x20 d:/programlar/stm32cubeide/stm32cubeide_1.3.0/stm32cubeide/plugins/com.st.stm32cube.ide.mcu.externaltools.gnu-tools-for-stm32.7-2018-q2-update.win32_1.0.0.201904181610/tools/bin/../lib/gcc/arm-none-eabi/7.3.1/../../../../arm-none-eabi/lib/thumb/v7e-m\libc_nano.a(lib_a-memset.o)
 .ARM.attributes
                0x0000000000000000       0x2e d:/programlar/stm32cubeide/stm32cubeide_1.3.0/stm32cubeide/plugins/com.st.stm32cube.ide.mcu.externaltools.gnu-tools-for-stm32.7-2018-q2-update.win32_1.0.0.201904181610/tools/bin/../lib/gcc/arm-none-eabi/7.3.1/../../../../arm-none-eabi/lib/thumb/v7e-m\libc_nano.a(lib_a-memset.o)
 .text          0x0000000000000000        0x0 d:/programlar/stm32cubeide/stm32cubeide_1.3.0/stm32cubeide/plugins/com.st.stm32cube.ide.mcu.externaltools.gnu-tools-for-stm32.7-2018-q2-update.win32_1.0.0.201904181610/tools/bin/../lib/gcc/arm-none-eabi/7.3.1/../../../../arm-none-eabi/lib/thumb/v7e-m\libnosys.a(_exit.o)
 .data          0x0000000000000000        0x0 d:/programlar/stm32cubeide/stm32cubeide_1.3.0/stm32cubeide/plugins/com.st.stm32cube.ide.mcu.externaltools.gnu-tools-for-stm32.7-2018-q2-update.win32_1.0.0.201904181610/tools/bin/../lib/gcc/arm-none-eabi/7.3.1/../../../../arm-none-eabi/lib/thumb/v7e-m\libnosys.a(_exit.o)
 .bss           0x0000000000000000        0x0 d:/programlar/stm32cubeide/stm32cubeide_1.3.0/stm32cubeide/plugins/com.st.stm32cube.ide.mcu.externaltools.gnu-tools-for-stm32.7-2018-q2-update.win32_1.0.0.201904181610/tools/bin/../lib/gcc/arm-none-eabi/7.3.1/../../../../arm-none-eabi/lib/thumb/v7e-m\libnosys.a(_exit.o)
 .text._exit    0x0000000000000000        0x2 d:/programlar/stm32cubeide/stm32cubeide_1.3.0/stm32cubeide/plugins/com.st.stm32cube.ide.mcu.externaltools.gnu-tools-for-stm32.7-2018-q2-update.win32_1.0.0.201904181610/tools/bin/../lib/gcc/arm-none-eabi/7.3.1/../../../../arm-none-eabi/lib/thumb/v7e-m\libnosys.a(_exit.o)
 .debug_frame   0x0000000000000000       0x20 d:/programlar/stm32cubeide/stm32cubeide_1.3.0/stm32cubeide/plugins/com.st.stm32cube.ide.mcu.externaltools.gnu-tools-for-stm32.7-2018-q2-update.win32_1.0.0.201904181610/tools/bin/../lib/gcc/arm-none-eabi/7.3.1/../../../../arm-none-eabi/lib/thumb/v7e-m\libnosys.a(_exit.o)
 .ARM.attributes
                0x0000000000000000       0x2e d:/programlar/stm32cubeide/stm32cubeide_1.3.0/stm32cubeide/plugins/com.st.stm32cube.ide.mcu.externaltools.gnu-tools-for-stm32.7-2018-q2-update.win32_1.0.0.201904181610/tools/bin/../lib/gcc/arm-none-eabi/7.3.1/../../../../arm-none-eabi/lib/thumb/v7e-m\libnosys.a(_exit.o)
 .text          0x0000000000000000        0x0 d:/programlar/stm32cubeide/stm32cubeide_1.3.0/stm32cubeide/plugins/com.st.stm32cube.ide.mcu.externaltools.gnu-tools-for-stm32.7-2018-q2-update.win32_1.0.0.201904181610/tools/bin/../lib/gcc/arm-none-eabi/7.3.1/thumb/v7e-m/crtend.o
 .data          0x0000000000000000        0x0 d:/programlar/stm32cubeide/stm32cubeide_1.3.0/stm32cubeide/plugins/com.st.stm32cube.ide.mcu.externaltools.gnu-tools-for-stm32.7-2018-q2-update.win32_1.0.0.201904181610/tools/bin/../lib/gcc/arm-none-eabi/7.3.1/thumb/v7e-m/crtend.o
 .bss           0x0000000000000000        0x0 d:/programlar/stm32cubeide/stm32cubeide_1.3.0/stm32cubeide/plugins/com.st.stm32cube.ide.mcu.externaltools.gnu-tools-for-stm32.7-2018-q2-update.win32_1.0.0.201904181610/tools/bin/../lib/gcc/arm-none-eabi/7.3.1/thumb/v7e-m/crtend.o
 .eh_frame      0x0000000000000000        0x4 d:/programlar/stm32cubeide/stm32cubeide_1.3.0/stm32cubeide/plugins/com.st.stm32cube.ide.mcu.externaltools.gnu-tools-for-stm32.7-2018-q2-update.win32_1.0.0.201904181610/tools/bin/../lib/gcc/arm-none-eabi/7.3.1/thumb/v7e-m/crtend.o
 .ARM.attributes
                0x0000000000000000       0x2e d:/programlar/stm32cubeide/stm32cubeide_1.3.0/stm32cubeide/plugins/com.st.stm32cube.ide.mcu.externaltools.gnu-tools-for-stm32.7-2018-q2-update.win32_1.0.0.201904181610/tools/bin/../lib/gcc/arm-none-eabi/7.3.1/thumb/v7e-m/crtend.o
 .text          0x0000000000000000        0x0 d:/programlar/stm32cubeide/stm32cubeide_1.3.0/stm32cubeide/plugins/com.st.stm32cube.ide.mcu.externaltools.gnu-tools-for-stm32.7-2018-q2-update.win32_1.0.0.201904181610/tools/bin/../lib/gcc/arm-none-eabi/7.3.1/thumb/v7e-m/crtn.o
 .data          0x0000000000000000        0x0 d:/programlar/stm32cubeide/stm32cubeide_1.3.0/stm32cubeide/plugins/com.st.stm32cube.ide.mcu.externaltools.gnu-tools-for-stm32.7-2018-q2-update.win32_1.0.0.201904181610/tools/bin/../lib/gcc/arm-none-eabi/7.3.1/thumb/v7e-m/crtn.o
 .bss           0x0000000000000000        0x0 d:/programlar/stm32cubeide/stm32cubeide_1.3.0/stm32cubeide/plugins/com.st.stm32cube.ide.mcu.externaltools.gnu-tools-for-stm32.7-2018-q2-update.win32_1.0.0.201904181610/tools/bin/../lib/gcc/arm-none-eabi/7.3.1/thumb/v7e-m/crtn.o

Memory Configuration

Name             Origin             Length             Attributes
RAM              0x0000000020000000 0x0000000000020000 xrw
ROM              0x0000000008000000 0x0000000000100000 xr
*default*        0x0000000000000000 0xffffffffffffffff

Linker script and memory map

LOAD d:/programlar/stm32cubeide/stm32cubeide_1.3.0/stm32cubeide/plugins/com.st.stm32cube.ide.mcu.externaltools.gnu-tools-for-stm32.7-2018-q2-update.win32_1.0.0.201904181610/tools/bin/../lib/gcc/arm-none-eabi/7.3.1/thumb/v7e-m/crti.o
LOAD d:/programlar/stm32cubeide/stm32cubeide_1.3.0/stm32cubeide/plugins/com.st.stm32cube.ide.mcu.externaltools.gnu-tools-for-stm32.7-2018-q2-update.win32_1.0.0.201904181610/tools/bin/../lib/gcc/arm-none-eabi/7.3.1/thumb/v7e-m/crtbegin.o
LOAD d:/programlar/stm32cubeide/stm32cubeide_1.3.0/stm32cubeide/plugins/com.st.stm32cube.ide.mcu.externaltools.gnu-tools-for-stm32.7-2018-q2-update.win32_1.0.0.201904181610/tools/bin/../lib/gcc/arm-none-eabi/7.3.1/../../../../arm-none-eabi/lib/thumb/v7e-m/crt0.o
LOAD aes.o
LOAD main.o
LOAD startup_stm32f407vgtx.o
LOAD system_stm32f4xx.o
START GROUP
LOAD d:/programlar/stm32cubeide/stm32cubeide_1.3.0/stm32cubeide/plugins/com.st.stm32cube.ide.mcu.externaltools.gnu-tools-for-stm32.7-2018-q2-update.win32_1.0.0.201904181610/tools/bin/../lib/gcc/arm-none-eabi/7.3.1/../../../../arm-none-eabi/lib/thumb/v7e-m\libc_nano.a
LOAD d:/programlar/stm32cubeide/stm32cubeide_1.3.0/stm32cubeide/plugins/com.st.stm32cube.ide.mcu.externaltools.gnu-tools-for-stm32.7-2018-q2-update.win32_1.0.0.201904181610/tools/bin/../lib/gcc/arm-none-eabi/7.3.1/../../../../arm-none-eabi/lib/thumb/v7e-m\libm.a
END GROUP
START GROUP
LOAD d:/programlar/stm32cubeide/stm32cubeide_1.3.0/stm32cubeide/plugins/com.st.stm32cube.ide.mcu.externaltools.gnu-tools-for-stm32.7-2018-q2-update.win32_1.0.0.201904181610/tools/bin/../lib/gcc/arm-none-eabi/7.3.1/thumb/v7e-m\libgcc.a
LOAD d:/programlar/stm32cubeide/stm32cubeide_1.3.0/stm32cubeide/plugins/com.st.stm32cube.ide.mcu.externaltools.gnu-tools-for-stm32.7-2018-q2-update.win32_1.0.0.201904181610/tools/bin/../lib/gcc/arm-none-eabi/7.3.1/../../../../arm-none-eabi/lib/thumb/v7e-m\libc_nano.a
END GROUP
START GROUP
LOAD d:/programlar/stm32cubeide/stm32cubeide_1.3.0/stm32cubeide/plugins/com.st.stm32cube.ide.mcu.externaltools.gnu-tools-for-stm32.7-2018-q2-update.win32_1.0.0.201904181610/tools/bin/../lib/gcc/arm-none-eabi/7.3.1/thumb/v7e-m\libgcc.a
LOAD d:/programlar/stm32cubeide/stm32cubeide_1.3.0/stm32cubeide/plugins/com.st.stm32cube.ide.mcu.externaltools.gnu-tools-for-stm32.7-2018-q2-update.win32_1.0.0.201904181610/tools/bin/../lib/gcc/arm-none-eabi/7.3.1/../../../../arm-none-eabi/lib/thumb/v7e-m\libc_nano.a
LOAD d:/programlar/stm32cubeide/stm32cubeide_1.3.0/stm32cubeide/plugins/com.st.stm32cube.ide.mcu.externaltools.gnu-tools-for-stm32.7-2018-q2-update.win32_1.0.0.201904181610/tools/bin/../lib/gcc/arm-none-eabi/7.3.1/../../../../arm-none-eabi/lib/thumb/v7e-m\libnosys.a
END GROUP
START GROUP
LOAD d:/programlar/stm32cubeide/stm32cubeide_1.3.0/stm32cubeide/plugins/com.st.stm32cube.ide.mcu.externaltools.gnu-tools-for-stm32.7-2018-q2-update.win32_1.0.0.201904181610/tools/bin/../lib/gcc/arm-none-eabi/7.3.1/thumb/v7e-m\libgcc.a
LOAD d:/programlar/stm32cubeide/stm32cubeide_1.3.0/stm32cubeide/plugins/com.st.stm32cube.ide.mcu.externaltools.gnu-tools-for-stm32.7-2018-q2-update.win32_1.0.0.201904181610/tools/bin/../lib/gcc/arm-none-eabi/7.3.1/../../../../arm-none-eabi/lib/thumb/v7e-m\libc_nano.a
LOAD d:/programlar/stm32cubeide/stm32cubeide_1.3.0/stm32cubeide/plugins/com.st.stm32cube.ide.mcu.externaltools.gnu-tools-for-stm32.7-2018-q2-update.win32_1.0.0.201904181610/tools/bin/../lib/gcc/arm-none-eabi/7.3.1/../../../../arm-none-eabi/lib/thumb/v7e-m\libnosys.a
END GROUP
LOAD d:/programlar/stm32cubeide/stm32cubeide_1.3.0/stm32cubeide/plugins/com.st.stm32cube.ide.mcu.externaltools.gnu-tools-for-stm32.7-2018-q2-update.win32_1.0.0.201904181610/tools/bin/../lib/gcc/arm-none-eabi/7.3.1/thumb/v7e-m/crtend.o
LOAD d:/programlar/stm32cubeide/stm32cubeide_1.3.0/stm32cubeide/plugins/com.st.stm32cube.ide.mcu.externaltools.gnu-tools-for-stm32.7-2018-q2-update.win32_1.0.0.201904181610/tools/bin/../lib/gcc/arm-none-eabi/7.3.1/thumb/v7e-m/crtn.o
                0x0000000020020000                _estack = 0x20020000
                0x0000000000000200                _Min_Heap_Size = 0x200
                0x0000000000000400                _Min_Stack_Size = 0x400

.isr_vector     0x0000000008000000      0x1a8
                0x0000000008000000                . = ALIGN (0x4)
 *(.isr_vector)
 .isr_vector    0x0000000008000000      0x1a8 startup_stm32f407vgtx.o
                0x0000000008000000                isr_vector
                0x00000000080001a8                . = ALIGN (0x4)

.text           0x00000000080001a8     0x1ae4
                0x00000000080001a8                . = ALIGN (0x4)
 *(.text)
 .text          0x00000000080001a8       0x40 d:/programlar/stm32cubeide/stm32cubeide_1.3.0/stm32cubeide/plugins/com.st.stm32cube.ide.mcu.externaltools.gnu-tools-for-stm32.7-2018-q2-update.win32_1.0.0.201904181610/tools/bin/../lib/gcc/arm-none-eabi/7.3.1/thumb/v7e-m/crtbegin.o
 *(.text*)
 .text.KeyExpansion
                0x00000000080001e8      0x1a4 aes.o
 .text.AES_init_ctx
                0x000000000800038c       0x1c aes.o
                0x000000000800038c                AES_init_ctx
 .text.AddRoundKey
                0x00000000080003a8       0x74 aes.o
 .text.SubBytes
                0x000000000800041c       0x60 aes.o
 .text.ShiftRows
                0x000000000800047c       0x82 aes.o
 .text.xtime    0x00000000080004fe       0x3a aes.o
 .text.MixColumns
                0x0000000008000538      0x168 aes.o
 .text.InvMixColumns
                0x00000000080006a0      0x696 aes.o
 *fill*         0x0000000008000d36        0x2 
 .text.InvSubBytes
                0x0000000008000d38       0x60 aes.o
 .text.InvShiftRows
                0x0000000008000d98       0x82 aes.o
 .text.Cipher   0x0000000008000e1a       0x5c aes.o
 .text.InvCipher
                0x0000000008000e76       0x52 aes.o
 .text.AES_ECB_encrypt
                0x0000000008000ec8       0x1c aes.o
                0x0000000008000ec8                AES_ECB_encrypt
 .text.AES_ECB_decrypt
                0x0000000008000ee4       0x1c aes.o
                0x0000000008000ee4                AES_ECB_decrypt
 .text.__NVIC_EnableIRQ
                0x0000000008000f00       0x38 main.o
 .text.TIM2_IRQHandler
                0x0000000008000f38       0x38 main.o
                0x0000000008000f38                TIM2_IRQHandler
 .text.EXTI0_IRQHandler
                0x0000000008000f70       0x9c main.o
                0x0000000008000f70                EXTI0_IRQHandler
 .text.SysTick_Handler
                0x000000000800100c      0x3cc main.o
                0x000000000800100c                SysTick_Handler
 .text.USART2_IRQHandler
                0x00000000080013d8       0x5c main.o
                0x00000000080013d8                USART2_IRQHandler
 .text.USART3_IRQHandler
                0x0000000008001434       0xa4 main.o
                0x0000000008001434                USART3_IRQHandler
 .text.init_systick
                0x00000000080014d8       0x50 main.o
                0x00000000080014d8                init_systick
 .text.unlock_flash
                0x0000000008001528       0x24 main.o
                0x0000000008001528                unlock_flash
 .text.lock_flash
                0x000000000800154c       0x1c main.o
                0x000000000800154c                lock_flash
 .text.erase_flash_sector3
                0x0000000008001568       0x60 main.o
                0x0000000008001568                erase_flash_sector3
 .text.write_flash
                0x00000000080015c8       0x60 main.o
                0x00000000080015c8                write_flash
 .text.read_flash
                0x0000000008001628       0x68 main.o
                0x0000000008001628                read_flash
 .text.main     0x0000000008001690      0x29c main.o
                0x0000000008001690                main
 .text.delay_ms
                0x000000000800192c       0x30 main.o
                0x000000000800192c                delay_ms
 .text.Decryption_rx
                0x000000000800195c       0x70 main.o
                0x000000000800195c                Decryption_rx
 .text.CommandLEDs
                0x00000000080019cc      0x100 main.o
                0x00000000080019cc                CommandLEDs
 .text.Reset_Handler
                0x0000000008001acc       0x50 startup_stm32f407vgtx.o
                0x0000000008001acc                Reset_Handler
 .text.Default_Handler
                0x0000000008001b1c        0x2 startup_stm32f407vgtx.o
                0x0000000008001b1c                RTC_Alarm_IRQHandler
                0x0000000008001b1c                HASH_RNG_IRQHandler
                0x0000000008001b1c                EXTI2_IRQHandler
                0x0000000008001b1c                TIM8_CC_IRQHandler
                0x0000000008001b1c                DebugMon_Handler
                0x0000000008001b1c                TIM1_CC_IRQHandler
                0x0000000008001b1c                DMA2_Stream5_IRQHandler
                0x0000000008001b1c                HardFault_Handler
                0x0000000008001b1c                DMA1_Stream5_IRQHandler
                0x0000000008001b1c                PVD_IRQHandler
                0x0000000008001b1c                SDIO_IRQHandler
                0x0000000008001b1c                TAMP_STAMP_IRQHandler
                0x0000000008001b1c                PendSV_Handler
                0x0000000008001b1c                NMI_Handler
                0x0000000008001b1c                CAN2_RX1_IRQHandler
                0x0000000008001b1c                EXTI3_IRQHandler
                0x0000000008001b1c                TIM8_TRG_COM_TIM14_IRQHandler
                0x0000000008001b1c                TIM1_UP_TIM10_IRQHandler
                0x0000000008001b1c                TIM8_UP_TIM13_IRQHandler
                0x0000000008001b1c                I2C3_ER_IRQHandler
                0x0000000008001b1c                LCD_TFT_IRQHandler
                0x0000000008001b1c                I2C2_EV_IRQHandler
                0x0000000008001b1c                DMA1_Stream2_IRQHandler
                0x0000000008001b1c                CAN1_RX0_IRQHandler
                0x0000000008001b1c                FPU_IRQHandler
                0x0000000008001b1c                OTG_HS_WKUP_IRQHandler
                0x0000000008001b1c                UsageFault_Handler
                0x0000000008001b1c                CAN2_SCE_IRQHandler
                0x0000000008001b1c                DMA2_Stream2_IRQHandler
                0x0000000008001b1c                SPI1_IRQHandler
                0x0000000008001b1c                TIM6_DAC_IRQHandler
                0x0000000008001b1c                TIM1_BRK_TIM9_IRQHandler
                0x0000000008001b1c                DCMI_IRQHandler
                0x0000000008001b1c                CAN2_RX0_IRQHandler
                0x0000000008001b1c                DMA2_Stream3_IRQHandler
                0x0000000008001b1c                USART6_IRQHandler
                0x0000000008001b1c                CRYP_IRQHandler
                0x0000000008001b1c                CAN1_RX1_IRQHandler
                0x0000000008001b1c                UART5_IRQHandler
                0x0000000008001b1c                DMA2_Stream0_IRQHandler
                0x0000000008001b1c                TIM4_IRQHandler
                0x0000000008001b1c                I2C1_EV_IRQHandler
                0x0000000008001b1c                DMA1_Stream6_IRQHandler
                0x0000000008001b1c                DMA1_Stream1_IRQHandler
                0x0000000008001b1c                UART4_IRQHandler
                0x0000000008001b1c                LCD_TFT_1_IRQHandler
                0x0000000008001b1c                TIM3_IRQHandler
                0x0000000008001b1c                RCC_IRQHandler
                0x0000000008001b1c                TIM8_BRK_TIM12_IRQHandler
                0x0000000008001b1c                Default_Handler
                0x0000000008001b1c                EXTI15_10_IRQHandler
                0x0000000008001b1c                ADC_IRQHandler
                0x0000000008001b1c                DMA1_Stream7_IRQHandler
                0x0000000008001b1c                TIM7_IRQHandler
                0x0000000008001b1c                CAN2_TX_IRQHandler
                0x0000000008001b1c                TIM5_IRQHandler
                0x0000000008001b1c                DMA2_Stream7_IRQHandler
                0x0000000008001b1c                I2C3_EV_IRQHandler
                0x0000000008001b1c                EXTI9_5_IRQHandler
                0x0000000008001b1c                RTC_WKUP_IRQHandler
                0x0000000008001b1c                ETH_WKUP_IRQHandler
                0x0000000008001b1c                SPI2_IRQHandler
                0x0000000008001b1c                OTG_HS_EP1_IN_IRQHandler
                0x0000000008001b1c                MemManage_Handler
                0x0000000008001b1c                DMA1_Stream0_IRQHandler
                0x0000000008001b1c                CAN1_TX_IRQHandler
                0x0000000008001b1c                SVC_Handler
                0x0000000008001b1c                EXTI4_IRQHandler
                0x0000000008001b1c                FSMC_IRQHandler
                0x0000000008001b1c                ETH_IRQHandler
                0x0000000008001b1c                OTG_HS_EP1_OUT_IRQHandler
                0x0000000008001b1c                WWDG_IRQHandler
                0x0000000008001b1c                OTG_FS_WKUP_IRQHandler
                0x0000000008001b1c                TIM1_TRG_COM_TIM11_IRQHandler
                0x0000000008001b1c                OTG_HS_IRQHandler
                0x0000000008001b1c                EXTI1_IRQHandler
                0x0000000008001b1c                I2C2_ER_IRQHandler
                0x0000000008001b1c                DMA2_Stream1_IRQHandler
                0x0000000008001b1c                CAN1_SCE_IRQHandler
                0x0000000008001b1c                DMA2_Stream4_IRQHandler
                0x0000000008001b1c                BusFault_Handler
                0x0000000008001b1c                USART1_IRQHandler
                0x0000000008001b1c                OTG_FS_IRQHandler
                0x0000000008001b1c                SPI3_IRQHandler
                0x0000000008001b1c                DMA1_Stream4_IRQHandler
                0x0000000008001b1c                I2C1_ER_IRQHandler
                0x0000000008001b1c                DMA2_Stream6_IRQHandler
                0x0000000008001b1c                DMA1_Stream3_IRQHandler
 *fill*         0x0000000008001b1e        0x2 
 .text.SystemInit
                0x0000000008001b20       0x50 system_stm32f4xx.o
                0x0000000008001b20                SystemInit
 .text.set_sysclk_to_168
                0x0000000008001b70       0xbc system_stm32f4xx.o
                0x0000000008001b70                set_sysclk_to_168
 .text.__libc_init_array
                0x0000000008001c2c       0x48 d:/programlar/stm32cubeide/stm32cubeide_1.3.0/stm32cubeide/plugins/com.st.stm32cube.ide.mcu.externaltools.gnu-tools-for-stm32.7-2018-q2-update.win32_1.0.0.201904181610/tools/bin/../lib/gcc/arm-none-eabi/7.3.1/../../../../arm-none-eabi/lib/thumb/v7e-m\libc_nano.a(lib_a-init.o)
                0x0000000008001c2c                __libc_init_array
 *(.glue_7)
 .glue_7        0x0000000008001c74        0x0 linker stubs
 *(.glue_7t)
 .glue_7t       0x0000000008001c74        0x0 linker stubs
 *(.eh_frame)
 .eh_frame      0x0000000008001c74        0x0 d:/programlar/stm32cubeide/stm32cubeide_1.3.0/stm32cubeide/plugins/com.st.stm32cube.ide.mcu.externaltools.gnu-tools-for-stm32.7-2018-q2-update.win32_1.0.0.201904181610/tools/bin/../lib/gcc/arm-none-eabi/7.3.1/thumb/v7e-m/crtbegin.o
 *(.init)
 .init          0x0000000008001c74        0x4 d:/programlar/stm32cubeide/stm32cubeide_1.3.0/stm32cubeide/plugins/com.st.stm32cube.ide.mcu.externaltools.gnu-tools-for-stm32.7-2018-q2-update.win32_1.0.0.201904181610/tools/bin/../lib/gcc/arm-none-eabi/7.3.1/thumb/v7e-m/crti.o
                0x0000000008001c74                _init
 .init          0x0000000008001c78        0x8 d:/programlar/stm32cubeide/stm32cubeide_1.3.0/stm32cubeide/plugins/com.st.stm32cube.ide.mcu.externaltools.gnu-tools-for-stm32.7-2018-q2-update.win32_1.0.0.201904181610/tools/bin/../lib/gcc/arm-none-eabi/7.3.1/thumb/v7e-m/crtn.o
 *(.fini)
 .fini          0x0000000008001c80        0x4 d:/programlar/stm32cubeide/stm32cubeide_1.3.0/stm32cubeide/plugins/com.st.stm32cube.ide.mcu.externaltools.gnu-tools-for-stm32.7-2018-q2-update.win32_1.0.0.201904181610/tools/bin/../lib/gcc/arm-none-eabi/7.3.1/thumb/v7e-m/crti.o
                0x0000000008001c80                _fini
 .fini          0x0000000008001c84        0x8 d:/programlar/stm32cubeide/stm32cubeide_1.3.0/stm32cubeide/plugins/com.st.stm32cube.ide.mcu.externaltools.gnu-tools-for-stm32.7-2018-q2-update.win32_1.0.0.201904181610/tools/bin/../lib/gcc/arm-none-eabi/7.3.1/thumb/v7e-m/crtn.o
                0x0000000008001c8c                . = ALIGN (0x4)
                0x0000000008001c8c                _etext = .

.vfp11_veneer   0x0000000008001c8c        0x0
 .vfp11_veneer  0x0000000008001c8c        0x0 linker stubs

.v4_bx          0x0000000008001c8c        0x0
 .v4_bx         0x0000000008001c8c        0x0 linker stubs

.iplt           0x0000000008001c8c        0x0
 .iplt          0x0000000008001c8c        0x0 d:/programlar/stm32cubeide/stm32cubeide_1.3.0/stm32cubeide/plugins/com.st.stm32cube.ide.mcu.externaltools.gnu-tools-for-stm32.7-2018-q2-update.win32_1.0.0.201904181610/tools/bin/../lib/gcc/arm-none-eabi/7.3.1/thumb/v7e-m/crtbegin.o

.rodata         0x0000000008001c8c      0x20c
                0x0000000008001c8c                . = ALIGN (0x4)
 *(.rodata)
 *(.rodata*)
 .rodata.sbox   0x0000000008001c8c      0x100 aes.o
 .rodata.rsbox  0x0000000008001d8c      0x100 aes.o
 .rodata.Rcon   0x0000000008001e8c        0xb aes.o
                0x0000000008001e98                . = ALIGN (0x4)
 *fill*         0x0000000008001e97        0x1 

.rel.dyn        0x0000000008001e98        0x0
 .rel.iplt      0x0000000008001e98        0x0 d:/programlar/stm32cubeide/stm32cubeide_1.3.0/stm32cubeide/plugins/com.st.stm32cube.ide.mcu.externaltools.gnu-tools-for-stm32.7-2018-q2-update.win32_1.0.0.201904181610/tools/bin/../lib/gcc/arm-none-eabi/7.3.1/thumb/v7e-m/crtbegin.o

.ARM.extab      0x0000000008001e98        0x0
                0x0000000008001e98                . = ALIGN (0x4)
 *(.ARM.extab* .gnu.linkonce.armextab.*)
                0x0000000008001e98                . = ALIGN (0x4)

.ARM            0x0000000008001e98        0x0
                0x0000000008001e98                . = ALIGN (0x4)
                0x0000000008001e98                __exidx_start = .
 *(.ARM.exidx*)
                0x0000000008001e98                __exidx_end = .
                0x0000000008001e98                . = ALIGN (0x4)

.preinit_array  0x0000000008001e98        0x0
                0x0000000008001e98                . = ALIGN (0x4)
                0x0000000008001e98                PROVIDE (__preinit_array_start = .)
 *(.preinit_array*)
                0x0000000008001e98                PROVIDE (__preinit_array_end = .)
                0x0000000008001e98                . = ALIGN (0x4)

.init_array     0x0000000008001e98        0x4
                0x0000000008001e98                . = ALIGN (0x4)
                0x0000000008001e98                PROVIDE (__init_array_start = .)
 *(SORT_BY_NAME(.init_array.*))
 *(.init_array*)
 .init_array    0x0000000008001e98        0x4 d:/programlar/stm32cubeide/stm32cubeide_1.3.0/stm32cubeide/plugins/com.st.stm32cube.ide.mcu.externaltools.gnu-tools-for-stm32.7-2018-q2-update.win32_1.0.0.201904181610/tools/bin/../lib/gcc/arm-none-eabi/7.3.1/thumb/v7e-m/crtbegin.o
                0x0000000008001e9c                PROVIDE (__init_array_end = .)
                0x0000000008001e9c                . = ALIGN (0x4)

.fini_array     0x0000000008001e9c        0x4
                0x0000000008001e9c                . = ALIGN (0x4)
                [!provide]                        PROVIDE (__fini_array_start = .)
 *(SORT_BY_NAME(.fini_array.*))
 *(.fini_array*)
 .fini_array    0x0000000008001e9c        0x4 d:/programlar/stm32cubeide/stm32cubeide_1.3.0/stm32cubeide/plugins/com.st.stm32cube.ide.mcu.externaltools.gnu-tools-for-stm32.7-2018-q2-update.win32_1.0.0.201904181610/tools/bin/../lib/gcc/arm-none-eabi/7.3.1/thumb/v7e-m/crtbegin.o
                [!provide]                        PROVIDE (__fini_array_end = .)
                0x0000000008001ea0                . = ALIGN (0x4)
                0x0000000008001ea0                _sidata = LOADADDR (.data)

.data           0x0000000020000000       0x14 load address 0x0000000008001ea0
                0x0000000020000000                . = ALIGN (0x4)
                0x0000000020000000                _sdata = .
 *(.data)
 *(.data*)
 .data.RC_in    0x0000000020000000        0x4 main.o
                0x0000000020000000                RC_in
 .data.key      0x0000000020000004       0x10 main.o
                0x0000000020000004                key
                0x0000000020000014                . = ALIGN (0x4)
                0x0000000020000014                _edata = .

.igot.plt       0x0000000020000014        0x0 load address 0x0000000008001eb4
 .igot.plt      0x0000000020000014        0x0 d:/programlar/stm32cubeide/stm32cubeide_1.3.0/stm32cubeide/plugins/com.st.stm32cube.ide.mcu.externaltools.gnu-tools-for-stm32.7-2018-q2-update.win32_1.0.0.201904181610/tools/bin/../lib/gcc/arm-none-eabi/7.3.1/thumb/v7e-m/crtbegin.o
                0x0000000020000014                . = ALIGN (0x4)

.bss            0x0000000020000014       0x84 load address 0x0000000008001eb4
                0x0000000020000014                _sbss = .
                0x0000000020000014                __bss_start__ = _sbss
 *(.bss)
 .bss           0x0000000020000014       0x1c d:/programlar/stm32cubeide/stm32cubeide_1.3.0/stm32cubeide/plugins/com.st.stm32cube.ide.mcu.externaltools.gnu-tools-for-stm32.7-2018-q2-update.win32_1.0.0.201904181610/tools/bin/../lib/gcc/arm-none-eabi/7.3.1/thumb/v7e-m/crtbegin.o
 *(.bss*)
 .bss.x         0x0000000020000030        0x1 main.o
                0x0000000020000030                x
 .bss.y         0x0000000020000031        0x1 main.o
                0x0000000020000031                y
 .bss.ButAct    0x0000000020000032        0x1 main.o
                0x0000000020000032                ButAct
 *fill*         0x0000000020000033        0x1 
 .bss.DataFrame
                0x0000000020000034        0x4 main.o
                0x0000000020000034                DataFrame
 .bss.Rcode     0x0000000020000038        0x4 main.o
                0x0000000020000038                Rcode
 .bss.Rcode_rx  0x000000002000003c        0x4 main.o
                0x000000002000003c                Rcode_rx
 .bss.tx_complete
                0x0000000020000040        0x4 main.o
                0x0000000020000040                tx_complete
 .bss.rx_complete
                0x0000000020000044        0x4 main.o
                0x0000000020000044                rx_complete
 .bss.bufpos_tx
                0x0000000020000048        0x4 main.o
                0x0000000020000048                bufpos_tx
 .bss.bufpos_rx
                0x000000002000004c        0x4 main.o
                0x000000002000004c                bufpos_rx
 *(COMMON)
 COMMON         0x0000000020000050       0x45 main.o
                0x0000000020000050                in
                0x0000000020000060                DataFbuf_tx
                0x0000000020000070                DataFrame_rx
                0x0000000020000074                tDelay
                0x0000000020000078                mem_datao
                0x000000002000007c                DataFbuf_rx
                0x000000002000008c                identifier
                0x0000000020000090                DataTemplate
                0x0000000020000094                identifier_rx
                0x0000000020000098                . = ALIGN (0x4)
 *fill*         0x0000000020000095        0x3 
                0x0000000020000098                _ebss = .
                0x0000000020000098                __bss_end__ = _ebss

._user_heap_stack
                0x0000000020000098      0x600 load address 0x0000000008001eb4
                0x0000000020000098                . = ALIGN (0x8)
                [!provide]                        PROVIDE (end = .)
                [!provide]                        PROVIDE (_end = .)
                0x0000000020000298                . = (. + _Min_Heap_Size)
 *fill*         0x0000000020000098      0x200 
                0x0000000020000698                . = (. + _Min_Stack_Size)
 *fill*         0x0000000020000298      0x400 
                0x0000000020000698                . = ALIGN (0x8)

/DISCARD/
 libc.a(*)
 libm.a(*)
 libgcc.a(*)

.ARM.attributes
                0x0000000000000000       0x2a
 *(.ARM.attributes)
 .ARM.attributes
                0x0000000000000000       0x1e d:/programlar/stm32cubeide/stm32cubeide_1.3.0/stm32cubeide/plugins/com.st.stm32cube.ide.mcu.externaltools.gnu-tools-for-stm32.7-2018-q2-update.win32_1.0.0.201904181610/tools/bin/../lib/gcc/arm-none-eabi/7.3.1/thumb/v7e-m/crti.o
 .ARM.attributes
                0x000000000000001e       0x2e d:/programlar/stm32cubeide/stm32cubeide_1.3.0/stm32cubeide/plugins/com.st.stm32cube.ide.mcu.externaltools.gnu-tools-for-stm32.7-2018-q2-update.win32_1.0.0.201904181610/tools/bin/../lib/gcc/arm-none-eabi/7.3.1/thumb/v7e-m/crtbegin.o
 .ARM.attributes
                0x000000000000004c       0x33 aes.o
 .ARM.attributes
                0x000000000000007f       0x33 main.o
 .ARM.attributes
                0x00000000000000b2       0x21 startup_stm32f407vgtx.o
 .ARM.attributes
                0x00000000000000d3       0x33 system_stm32f4xx.o
 .ARM.attributes
                0x0000000000000106       0x2e d:/programlar/stm32cubeide/stm32cubeide_1.3.0/stm32cubeide/plugins/com.st.stm32cube.ide.mcu.externaltools.gnu-tools-for-stm32.7-2018-q2-update.win32_1.0.0.201904181610/tools/bin/../lib/gcc/arm-none-eabi/7.3.1/../../../../arm-none-eabi/lib/thumb/v7e-m\libc_nano.a(lib_a-init.o)
 .ARM.attributes
                0x0000000000000134       0x1e d:/programlar/stm32cubeide/stm32cubeide_1.3.0/stm32cubeide/plugins/com.st.stm32cube.ide.mcu.externaltools.gnu-tools-for-stm32.7-2018-q2-update.win32_1.0.0.201904181610/tools/bin/../lib/gcc/arm-none-eabi/7.3.1/thumb/v7e-m/crtn.o
OUTPUT(RemoteKeylessSystem.elf elf32-littlearm)

.debug_info     0x0000000000000000     0x2c4e
 .debug_info    0x0000000000000000      0xf6d aes.o
 .debug_info    0x0000000000000f6d     0x19a2 main.o
 .debug_info    0x000000000000290f       0x22 startup_stm32f407vgtx.o
 .debug_info    0x0000000000002931      0x31d system_stm32f4xx.o

.debug_abbrev   0x0000000000000000      0x673
 .debug_abbrev  0x0000000000000000      0x269 aes.o
 .debug_abbrev  0x0000000000000269      0x344 main.o
 .debug_abbrev  0x00000000000005ad       0x12 startup_stm32f407vgtx.o
 .debug_abbrev  0x00000000000005bf       0xb4 system_stm32f4xx.o

.debug_aranges  0x0000000000000000      0x1a0
 .debug_aranges
                0x0000000000000000       0xb8 aes.o
 .debug_aranges
                0x00000000000000b8       0x98 main.o
 .debug_aranges
                0x0000000000000150       0x28 startup_stm32f407vgtx.o
 .debug_aranges
                0x0000000000000178       0x28 system_stm32f4xx.o

.debug_ranges   0x0000000000000000      0x168
 .debug_ranges  0x0000000000000000       0xa8 aes.o
 .debug_ranges  0x00000000000000a8       0x88 main.o
 .debug_ranges  0x0000000000000130       0x20 startup_stm32f407vgtx.o
 .debug_ranges  0x0000000000000150       0x18 system_stm32f4xx.o

.debug_macro    0x0000000000000000    0x18fcd
 .debug_macro   0x0000000000000000      0x15f aes.o
 .debug_macro   0x000000000000015f      0xa6c aes.o
 .debug_macro   0x0000000000000bcb       0x22 aes.o
 .debug_macro   0x0000000000000bed       0x40 aes.o
 .debug_macro   0x0000000000000c2d       0x18 aes.o
 .debug_macro   0x0000000000000c45       0x94 aes.o
 .debug_macro   0x0000000000000cd9       0x3c aes.o
 .debug_macro   0x0000000000000d15       0x34 aes.o
 .debug_macro   0x0000000000000d49      0x174 aes.o
 .debug_macro   0x0000000000000ebd       0x57 aes.o
 .debug_macro   0x0000000000000f14       0x52 aes.o
 .debug_macro   0x0000000000000f66       0x1f aes.o
 .debug_macro   0x0000000000000f85       0x43 aes.o
 .debug_macro   0x0000000000000fc8       0x20 aes.o
 .debug_macro   0x0000000000000fe8      0x1a3 aes.o
 .debug_macro   0x000000000000118b      0x330 aes.o
 .debug_macro   0x00000000000014bb       0x10 aes.o
 .debug_macro   0x00000000000014cb       0x35 aes.o
 .debug_macro   0x0000000000001500       0x20 aes.o
 .debug_macro   0x0000000000001520       0xef aes.o
 .debug_macro   0x000000000000160f       0x6a aes.o
 .debug_macro   0x0000000000001679      0x1df aes.o
 .debug_macro   0x0000000000001858       0x2e aes.o
 .debug_macro   0x0000000000001886      0x1ce main.o
 .debug_macro   0x0000000000001a54       0x2c main.o
 .debug_macro   0x0000000000001a80       0x2f main.o
 .debug_macro   0x0000000000001aaf       0x8e main.o
 .debug_macro   0x0000000000001b3d       0x51 main.o
 .debug_macro   0x0000000000001b8e       0x1c main.o
 .debug_macro   0x0000000000001baa       0x22 main.o
 .debug_macro   0x0000000000001bcc      0x101 main.o
 .debug_macro   0x0000000000001ccd     0x1011 main.o
 .debug_macro   0x0000000000002cde      0x11f main.o
 .debug_macro   0x0000000000002dfd       0x1c main.o
 .debug_macro   0x0000000000002e19    0x15d08 main.o
 .debug_macro   0x0000000000018b21       0x43 main.o
 .debug_macro   0x0000000000018b64       0x46 main.o
 .debug_macro   0x0000000000018baa      0x32a main.o
 .debug_macro   0x0000000000018ed4       0x22 main.o
 .debug_macro   0x0000000000018ef6       0xd7 system_stm32f4xx.o

.debug_line     0x0000000000000000     0x1ca5
 .debug_line    0x0000000000000000      0xaae aes.o
 .debug_line    0x0000000000000aae      0xb25 main.o
 .debug_line    0x00000000000015d3       0xa6 startup_stm32f407vgtx.o
 .debug_line    0x0000000000001679      0x62c system_stm32f4xx.o

.debug_str      0x0000000000000000    0x89d44
 .debug_str     0x0000000000000000     0x6f65 aes.o
                                       0x7204 (size before relaxing)
 .debug_str     0x0000000000006f65    0x82cb3 main.o
                                      0x89c2d (size before relaxing)
 .debug_str     0x0000000000089c18       0xc3 startup_stm32f407vgtx.o
 .debug_str     0x0000000000089cdb       0x69 system_stm32f4xx.o
                                      0x860c2 (size before relaxing)

.comment        0x0000000000000000       0x7b
 .comment       0x0000000000000000       0x7b aes.o
                                         0x7c (size before relaxing)
 .comment       0x000000000000007b       0x7c main.o
 .comment       0x000000000000007b       0x7c system_stm32f4xx.o

.debug_frame    0x0000000000000000      0x5e8
 .debug_frame   0x0000000000000000      0x310 aes.o
 .debug_frame   0x0000000000000310      0x25c main.o
 .debug_frame   0x000000000000056c       0x50 system_stm32f4xx.o
 .debug_frame   0x00000000000005bc       0x2c d:/programlar/stm32cubeide/stm32cubeide_1.3.0/stm32cubeide/plugins/com.st.stm32cube.ide.mcu.externaltools.gnu-tools-for-stm32.7-2018-q2-update.win32_1.0.0.201904181610/tools/bin/../lib/gcc/arm-none-eabi/7.3.1/../../../../arm-none-eabi/lib/thumb/v7e-m\libc_nano.a(lib_a-init.o)
