Archive member included to satisfy reference by file (symbol)

d:/programlar/stm32cubeide/stm32cubeide_1.3.0/stm32cubeide/plugins/com.st.stm32cube.ide.mcu.externaltools.gnu-tools-for-stm32.7-2018-q2-update.win32_1.0.0.201904181610/tools/bin/../lib/gcc/arm-none-eabi/7.3.1/../../../../arm-none-eabi/lib/thumb/v7e-m\libc_nano.a(lib_a-exit.o)
                              d:/programlar/stm32cubeide/stm32cubeide_1.3.0/stm32cubeide/plugins/com.st.stm32cube.ide.mcu.externaltools.gnu-tools-for-stm32.7-2018-q2-update.win32_1.0.0.201904181610/tools/bin/../lib/gcc/arm-none-eabi/7.3.1/../../../../arm-none-eabi/lib/thumb/v7e-m/crt0.o (exit)
d:/programlar/stm32cubeide/stm32cubeide_1.3.0/stm32cubeide/plugins/com.st.stm32cube.ide.mcu.externaltools.gnu-tools-for-stm32.7-2018-q2-update.win32_1.0.0.201904181610/tools/bin/../lib/gcc/arm-none-eabi/7.3.1/../../../../arm-none-eabi/lib/thumb/v7e-m\libc_nano.a(lib_a-impure.o)
                              d:/programlar/stm32cubeide/stm32cubeide_1.3.0/stm32cubeide/plugins/com.st.stm32cube.ide.mcu.externaltools.gnu-tools-for-stm32.7-2018-q2-update.win32_1.0.0.201904181610/tools/bin/../lib/gcc/arm-none-eabi/7.3.1/../../../../arm-none-eabi/lib/thumb/v7e-m\libc_nano.a(lib_a-exit.o) (_global_impure_ptr)
d:/programlar/stm32cubeide/stm32cubeide_1.3.0/stm32cubeide/plugins/com.st.stm32cube.ide.mcu.externaltools.gnu-tools-for-stm32.7-2018-q2-update.win32_1.0.0.201904181610/tools/bin/../lib/gcc/arm-none-eabi/7.3.1/../../../../arm-none-eabi/lib/thumb/v7e-m\libc_nano.a(lib_a-init.o)
                              d:/programlar/stm32cubeide/stm32cubeide_1.3.0/stm32cubeide/plugins/com.st.stm32cube.ide.mcu.externaltools.gnu-tools-for-stm32.7-2018-q2-update.win32_1.0.0.201904181610/tools/bin/../lib/gcc/arm-none-eabi/7.3.1/../../../../arm-none-eabi/lib/thumb/v7e-m/crt0.o (__libc_init_array)
d:/programlar/stm32cubeide/stm32cubeide_1.3.0/stm32cubeide/plugins/com.st.stm32cube.ide.mcu.externaltools.gnu-tools-for-stm32.7-2018-q2-update.win32_1.0.0.201904181610/tools/bin/../lib/gcc/arm-none-eabi/7.3.1/../../../../arm-none-eabi/lib/thumb/v7e-m\libc_nano.a(lib_a-memset.o)
                              d:/programlar/stm32cubeide/stm32cubeide_1.3.0/stm32cubeide/plugins/com.st.stm32cube.ide.mcu.externaltools.gnu-tools-for-stm32.7-2018-q2-update.win32_1.0.0.201904181610/tools/bin/../lib/gcc/arm-none-eabi/7.3.1/../../../../arm-none-eabi/lib/thumb/v7e-m/crt0.o (memset)
d:/programlar/stm32cubeide/stm32cubeide_1.3.0/stm32cubeide/plugins/com.st.stm32cube.ide.mcu.externaltools.gnu-tools-for-stm32.7-2018-q2-update.win32_1.0.0.201904181610/tools/bin/../lib/gcc/arm-none-eabi/7.3.1/../../../../arm-none-eabi/lib/thumb/v7e-m\libnosys.a(_exit.o)
                              d:/programlar/stm32cubeide/stm32cubeide_1.3.0/stm32cubeide/plugins/com.st.stm32cube.ide.mcu.externaltools.gnu-tools-for-stm32.7-2018-q2-update.win32_1.0.0.201904181610/tools/bin/../lib/gcc/arm-none-eabi/7.3.1/../../../../arm-none-eabi/lib/thumb/v7e-m\libc_nano.a(lib_a-exit.o) (_exit)

Discarded input sections

 .text          0x0000000000000000        0x0 d:/programlar/stm32cubeide/stm32cubeide_1.3.0/stm32cubeide/plugins/com.st.stm32cube.ide.mcu.externaltools.gnu-tools-for-stm32.7-2018-q2-update.win32_1.0.0.201904181610/tools/bin/../lib/gcc/arm-none-eabi/7.3.1/thumb/v7e-m/crti.o
 .data          0x0000000000000000        0x0 d:/programlar/stm32cubeide/stm32cubeide_1.3.0/stm32cubeide/plugins/com.st.stm32cube.ide.mcu.externaltools.gnu-tools-for-stm32.7-2018-q2-update.win32_1.0.0.201904181610/tools/bin/../lib/gcc/arm-none-eabi/7.3.1/thumb/v7e-m/crti.o
 .bss           0x0000000000000000        0x0 d:/programlar/stm32cubeide/stm32cubeide_1.3.0/stm32cubeide/plugins/com.st.stm32cube.ide.mcu.externaltools.gnu-tools-for-stm32.7-2018-q2-update.win32_1.0.0.201904181610/tools/bin/../lib/gcc/arm-none-eabi/7.3.1/thumb/v7e-m/crti.o
 .data          0x0000000000000000        0x4 d:/programlar/stm32cubeide/stm32cubeide_1.3.0/stm32cubeide/plugins/com.st.stm32cube.ide.mcu.externaltools.gnu-tools-for-stm32.7-2018-q2-update.win32_1.0.0.201904181610/tools/bin/../lib/gcc/arm-none-eabi/7.3.1/thumb/v7e-m/crtbegin.o
 .text          0x0000000000000000       0x74 d:/programlar/stm32cubeide/stm32cubeide_1.3.0/stm32cubeide/plugins/com.st.stm32cube.ide.mcu.externaltools.gnu-tools-for-stm32.7-2018-q2-update.win32_1.0.0.201904181610/tools/bin/../lib/gcc/arm-none-eabi/7.3.1/../../../../arm-none-eabi/lib/thumb/v7e-m/crt0.o
 .data          0x0000000000000000        0x0 d:/programlar/stm32cubeide/stm32cubeide_1.3.0/stm32cubeide/plugins/com.st.stm32cube.ide.mcu.externaltools.gnu-tools-for-stm32.7-2018-q2-update.win32_1.0.0.201904181610/tools/bin/../lib/gcc/arm-none-eabi/7.3.1/../../../../arm-none-eabi/lib/thumb/v7e-m/crt0.o
 .bss           0x0000000000000000        0x0 d:/programlar/stm32cubeide/stm32cubeide_1.3.0/stm32cubeide/plugins/com.st.stm32cube.ide.mcu.externaltools.gnu-tools-for-stm32.7-2018-q2-update.win32_1.0.0.201904181610/tools/bin/../lib/gcc/arm-none-eabi/7.3.1/../../../../arm-none-eabi/lib/thumb/v7e-m/crt0.o
 .ARM.extab     0x0000000000000000        0x0 d:/programlar/stm32cubeide/stm32cubeide_1.3.0/stm32cubeide/plugins/com.st.stm32cube.ide.mcu.externaltools.gnu-tools-for-stm32.7-2018-q2-update.win32_1.0.0.201904181610/tools/bin/../lib/gcc/arm-none-eabi/7.3.1/../../../../arm-none-eabi/lib/thumb/v7e-m/crt0.o
 .ARM.exidx     0x0000000000000000        0x8 d:/programlar/stm32cubeide/stm32cubeide_1.3.0/stm32cubeide/plugins/com.st.stm32cube.ide.mcu.externaltools.gnu-tools-for-stm32.7-2018-q2-update.win32_1.0.0.201904181610/tools/bin/../lib/gcc/arm-none-eabi/7.3.1/../../../../arm-none-eabi/lib/thumb/v7e-m/crt0.o
 .ARM.attributes
                0x0000000000000000       0x1c d:/programlar/stm32cubeide/stm32cubeide_1.3.0/stm32cubeide/plugins/com.st.stm32cube.ide.mcu.externaltools.gnu-tools-for-stm32.7-2018-q2-update.win32_1.0.0.201904181610/tools/bin/../lib/gcc/arm-none-eabi/7.3.1/../../../../arm-none-eabi/lib/thumb/v7e-m/crt0.o
 .text          0x0000000000000000       0x14 startup_stm32f407vgtx.o
 .data          0x0000000000000000        0x0 startup_stm32f407vgtx.o
 .bss           0x0000000000000000        0x0 startup_stm32f407vgtx.o
 .group         0x0000000000000000        0xc system_stm32f4xx.o
 .group         0x0000000000000000        0xc system_stm32f4xx.o
 .group         0x0000000000000000        0xc system_stm32f4xx.o
 .group         0x0000000000000000        0xc system_stm32f4xx.o
 .group         0x0000000000000000        0xc system_stm32f4xx.o
 .group         0x0000000000000000        0xc system_stm32f4xx.o
 .group         0x0000000000000000        0xc system_stm32f4xx.o
 .group         0x0000000000000000        0xc system_stm32f4xx.o
 .group         0x0000000000000000        0xc system_stm32f4xx.o
 .group         0x0000000000000000        0xc system_stm32f4xx.o
 .group         0x0000000000000000        0xc system_stm32f4xx.o
 .group         0x0000000000000000        0xc system_stm32f4xx.o
 .group         0x0000000000000000        0xc system_stm32f4xx.o
 .group         0x0000000000000000        0xc system_stm32f4xx.o
 .group         0x0000000000000000        0xc system_stm32f4xx.o
 .group         0x0000000000000000        0xc system_stm32f4xx.o
 .group         0x0000000000000000        0xc system_stm32f4xx.o
 .text          0x0000000000000000        0x0 system_stm32f4xx.o
 .data          0x0000000000000000        0x0 system_stm32f4xx.o
 .bss           0x0000000000000000        0x0 system_stm32f4xx.o
 .group         0x0000000000000000        0xc systick.o
 .group         0x0000000000000000        0xc systick.o
 .group         0x0000000000000000        0xc systick.o
 .group         0x0000000000000000        0xc systick.o
 .group         0x0000000000000000        0xc systick.o
 .group         0x0000000000000000        0xc systick.o
 .group         0x0000000000000000        0xc systick.o
 .group         0x0000000000000000        0xc systick.o
 .group         0x0000000000000000        0xc systick.o
 .group         0x0000000000000000        0xc systick.o
 .group         0x0000000000000000        0xc systick.o
 .group         0x0000000000000000        0xc systick.o
 .group         0x0000000000000000        0xc systick.o
 .group         0x0000000000000000        0xc systick.o
 .group         0x0000000000000000        0xc systick.o
 .group         0x0000000000000000        0xc systick.o
 .group         0x0000000000000000        0xc systick.o
 .text          0x0000000000000000        0x0 systick.o
 .data          0x0000000000000000        0x0 systick.o
 .bss           0x0000000000000000        0x0 systick.o
 .debug_macro   0x0000000000000000      0xa6c systick.o
 .debug_macro   0x0000000000000000       0x2c systick.o
 .debug_macro   0x0000000000000000       0x2f systick.o
 .debug_macro   0x0000000000000000       0x22 systick.o
 .debug_macro   0x0000000000000000       0x8e systick.o
 .debug_macro   0x0000000000000000       0x51 systick.o
 .debug_macro   0x0000000000000000       0xef systick.o
 .debug_macro   0x0000000000000000       0x6a systick.o
 .debug_macro   0x0000000000000000      0x1df systick.o
 .debug_macro   0x0000000000000000       0x1c systick.o
 .debug_macro   0x0000000000000000       0x22 systick.o
 .debug_macro   0x0000000000000000      0x101 systick.o
 .debug_macro   0x0000000000000000     0x1011 systick.o
 .debug_macro   0x0000000000000000      0x11f systick.o
 .debug_macro   0x0000000000000000       0x1c systick.o
 .debug_macro   0x0000000000000000    0x15d08 systick.o
 .debug_macro   0x0000000000000000       0x43 systick.o
 .text          0x0000000000000000        0x0 d:/programlar/stm32cubeide/stm32cubeide_1.3.0/stm32cubeide/plugins/com.st.stm32cube.ide.mcu.externaltools.gnu-tools-for-stm32.7-2018-q2-update.win32_1.0.0.201904181610/tools/bin/../lib/gcc/arm-none-eabi/7.3.1/../../../../arm-none-eabi/lib/thumb/v7e-m\libc_nano.a(lib_a-exit.o)
 .data          0x0000000000000000        0x0 d:/programlar/stm32cubeide/stm32cubeide_1.3.0/stm32cubeide/plugins/com.st.stm32cube.ide.mcu.externaltools.gnu-tools-for-stm32.7-2018-q2-update.win32_1.0.0.201904181610/tools/bin/../lib/gcc/arm-none-eabi/7.3.1/../../../../arm-none-eabi/lib/thumb/v7e-m\libc_nano.a(lib_a-exit.o)
 .bss           0x0000000000000000        0x0 d:/programlar/stm32cubeide/stm32cubeide_1.3.0/stm32cubeide/plugins/com.st.stm32cube.ide.mcu.externaltools.gnu-tools-for-stm32.7-2018-q2-update.win32_1.0.0.201904181610/tools/bin/../lib/gcc/arm-none-eabi/7.3.1/../../../../arm-none-eabi/lib/thumb/v7e-m\libc_nano.a(lib_a-exit.o)
 .text.exit     0x0000000000000000       0x28 d:/programlar/stm32cubeide/stm32cubeide_1.3.0/stm32cubeide/plugins/com.st.stm32cube.ide.mcu.externaltools.gnu-tools-for-stm32.7-2018-q2-update.win32_1.0.0.201904181610/tools/bin/../lib/gcc/arm-none-eabi/7.3.1/../../../../arm-none-eabi/lib/thumb/v7e-m\libc_nano.a(lib_a-exit.o)
 .debug_frame   0x0000000000000000       0x28 d:/programlar/stm32cubeide/stm32cubeide_1.3.0/stm32cubeide/plugins/com.st.stm32cube.ide.mcu.externaltools.gnu-tools-for-stm32.7-2018-q2-update.win32_1.0.0.201904181610/tools/bin/../lib/gcc/arm-none-eabi/7.3.1/../../../../arm-none-eabi/lib/thumb/v7e-m\libc_nano.a(lib_a-exit.o)
 .ARM.attributes
                0x0000000000000000       0x2e d:/programlar/stm32cubeide/stm32cubeide_1.3.0/stm32cubeide/plugins/com.st.stm32cube.ide.mcu.externaltools.gnu-tools-for-stm32.7-2018-q2-update.win32_1.0.0.201904181610/tools/bin/../lib/gcc/arm-none-eabi/7.3.1/../../../../arm-none-eabi/lib/thumb/v7e-m\libc_nano.a(lib_a-exit.o)
 .text          0x0000000000000000        0x0 d:/programlar/stm32cubeide/stm32cubeide_1.3.0/stm32cubeide/plugins/com.st.stm32cube.ide.mcu.externaltools.gnu-tools-for-stm32.7-2018-q2-update.win32_1.0.0.201904181610/tools/bin/../lib/gcc/arm-none-eabi/7.3.1/../../../../arm-none-eabi/lib/thumb/v7e-m\libc_nano.a(lib_a-impure.o)
 .data          0x0000000000000000        0x0 d:/programlar/stm32cubeide/stm32cubeide_1.3.0/stm32cubeide/plugins/com.st.stm32cube.ide.mcu.externaltools.gnu-tools-for-stm32.7-2018-q2-update.win32_1.0.0.201904181610/tools/bin/../lib/gcc/arm-none-eabi/7.3.1/../../../../arm-none-eabi/lib/thumb/v7e-m\libc_nano.a(lib_a-impure.o)
 .bss           0x0000000000000000        0x0 d:/programlar/stm32cubeide/stm32cubeide_1.3.0/stm32cubeide/plugins/com.st.stm32cube.ide.mcu.externaltools.gnu-tools-for-stm32.7-2018-q2-update.win32_1.0.0.201904181610/tools/bin/../lib/gcc/arm-none-eabi/7.3.1/../../../../arm-none-eabi/lib/thumb/v7e-m\libc_nano.a(lib_a-impure.o)
 .data._impure_ptr
                0x0000000000000000        0x4 d:/programlar/stm32cubeide/stm32cubeide_1.3.0/stm32cubeide/plugins/com.st.stm32cube.ide.mcu.externaltools.gnu-tools-for-stm32.7-2018-q2-update.win32_1.0.0.201904181610/tools/bin/../lib/gcc/arm-none-eabi/7.3.1/../../../../arm-none-eabi/lib/thumb/v7e-m\libc_nano.a(lib_a-impure.o)
 .data.impure_data
                0x0000000000000000       0x60 d:/programlar/stm32cubeide/stm32cubeide_1.3.0/stm32cubeide/plugins/com.st.stm32cube.ide.mcu.externaltools.gnu-tools-for-stm32.7-2018-q2-update.win32_1.0.0.201904181610/tools/bin/../lib/gcc/arm-none-eabi/7.3.1/../../../../arm-none-eabi/lib/thumb/v7e-m\libc_nano.a(lib_a-impure.o)
 .rodata._global_impure_ptr
                0x0000000000000000        0x4 d:/programlar/stm32cubeide/stm32cubeide_1.3.0/stm32cubeide/plugins/com.st.stm32cube.ide.mcu.externaltools.gnu-tools-for-stm32.7-2018-q2-update.win32_1.0.0.201904181610/tools/bin/../lib/gcc/arm-none-eabi/7.3.1/../../../../arm-none-eabi/lib/thumb/v7e-m\libc_nano.a(lib_a-impure.o)
 .ARM.attributes
                0x0000000000000000       0x2e d:/programlar/stm32cubeide/stm32cubeide_1.3.0/stm32cubeide/plugins/com.st.stm32cube.ide.mcu.externaltools.gnu-tools-for-stm32.7-2018-q2-update.win32_1.0.0.201904181610/tools/bin/../lib/gcc/arm-none-eabi/7.3.1/../../../../arm-none-eabi/lib/thumb/v7e-m\libc_nano.a(lib_a-impure.o)
 .text          0x0000000000000000        0x0 d:/programlar/stm32cubeide/stm32cubeide_1.3.0/stm32cubeide/plugins/com.st.stm32cube.ide.mcu.externaltools.gnu-tools-for-stm32.7-2018-q2-update.win32_1.0.0.201904181610/tools/bin/../lib/gcc/arm-none-eabi/7.3.1/../../../../arm-none-eabi/lib/thumb/v7e-m\libc_nano.a(lib_a-init.o)
 .data          0x0000000000000000        0x0 d:/programlar/stm32cubeide/stm32cubeide_1.3.0/stm32cubeide/plugins/com.st.stm32cube.ide.mcu.externaltools.gnu-tools-for-stm32.7-2018-q2-update.win32_1.0.0.201904181610/tools/bin/../lib/gcc/arm-none-eabi/7.3.1/../../../../arm-none-eabi/lib/thumb/v7e-m\libc_nano.a(lib_a-init.o)
 .bss           0x0000000000000000        0x0 d:/programlar/stm32cubeide/stm32cubeide_1.3.0/stm32cubeide/plugins/com.st.stm32cube.ide.mcu.externaltools.gnu-tools-for-stm32.7-2018-q2-update.win32_1.0.0.201904181610/tools/bin/../lib/gcc/arm-none-eabi/7.3.1/../../../../arm-none-eabi/lib/thumb/v7e-m\libc_nano.a(lib_a-init.o)
 .text          0x0000000000000000        0x0 d:/programlar/stm32cubeide/stm32cubeide_1.3.0/stm32cubeide/plugins/com.st.stm32cube.ide.mcu.externaltools.gnu-tools-for-stm32.7-2018-q2-update.win32_1.0.0.201904181610/tools/bin/../lib/gcc/arm-none-eabi/7.3.1/../../../../arm-none-eabi/lib/thumb/v7e-m\libc_nano.a(lib_a-memset.o)
 .data          0x0000000000000000        0x0 d:/programlar/stm32cubeide/stm32cubeide_1.3.0/stm32cubeide/plugins/com.st.stm32cube.ide.mcu.externaltools.gnu-tools-for-stm32.7-2018-q2-update.win32_1.0.0.201904181610/tools/bin/../lib/gcc/arm-none-eabi/7.3.1/../../../../arm-none-eabi/lib/thumb/v7e-m\libc_nano.a(lib_a-memset.o)
 .bss           0x0000000000000000        0x0 d:/programlar/stm32cubeide/stm32cubeide_1.3.0/stm32cubeide/plugins/com.st.stm32cube.ide.mcu.externaltools.gnu-tools-for-stm32.7-2018-q2-update.win32_1.0.0.201904181610/tools/bin/../lib/gcc/arm-none-eabi/7.3.1/../../../../arm-none-eabi/lib/thumb/v7e-m\libc_nano.a(lib_a-memset.o)
 .text.memset   0x0000000000000000       0x10 d:/programlar/stm32cubeide/stm32cubeide_1.3.0/stm32cubeide/plugins/com.st.stm32cube.ide.mcu.externaltools.gnu-tools-for-stm32.7-2018-q2-update.win32_1.0.0.201904181610/tools/bin/../lib/gcc/arm-none-eabi/7.3.1/../../../../arm-none-eabi/lib/thumb/v7e-m\libc_nano.a(lib_a-memset.o)
 .debug_frame   0x0000000000000000       0x20 d:/programlar/stm32cubeide/stm32cubeide_1.3.0/stm32cubeide/plugins/com.st.stm32cube.ide.mcu.externaltools.gnu-tools-for-stm32.7-2018-q2-update.win32_1.0.0.201904181610/tools/bin/../lib/gcc/arm-none-eabi/7.3.1/../../../../arm-none-eabi/lib/thumb/v7e-m\libc_nano.a(lib_a-memset.o)
 .ARM.attributes
                0x0000000000000000       0x2e d:/programlar/stm32cubeide/stm32cubeide_1.3.0/stm32cubeide/plugins/com.st.stm32cube.ide.mcu.externaltools.gnu-tools-for-stm32.7-2018-q2-update.win32_1.0.0.201904181610/tools/bin/../lib/gcc/arm-none-eabi/7.3.1/../../../../arm-none-eabi/lib/thumb/v7e-m\libc_nano.a(lib_a-memset.o)
 .text          0x0000000000000000        0x0 d:/programlar/stm32cubeide/stm32cubeide_1.3.0/stm32cubeide/plugins/com.st.stm32cube.ide.mcu.externaltools.gnu-tools-for-stm32.7-2018-q2-update.win32_1.0.0.201904181610/tools/bin/../lib/gcc/arm-none-eabi/7.3.1/../../../../arm-none-eabi/lib/thumb/v7e-m\libnosys.a(_exit.o)
 .data          0x0000000000000000        0x0 d:/programlar/stm32cubeide/stm32cubeide_1.3.0/stm32cubeide/plugins/com.st.stm32cube.ide.mcu.externaltools.gnu-tools-for-stm32.7-2018-q2-update.win32_1.0.0.201904181610/tools/bin/../lib/gcc/arm-none-eabi/7.3.1/../../../../arm-none-eabi/lib/thumb/v7e-m\libnosys.a(_exit.o)
 .bss           0x0000000000000000        0x0 d:/programlar/stm32cubeide/stm32cubeide_1.3.0/stm32cubeide/plugins/com.st.stm32cube.ide.mcu.externaltools.gnu-tools-for-stm32.7-2018-q2-update.win32_1.0.0.201904181610/tools/bin/../lib/gcc/arm-none-eabi/7.3.1/../../../../arm-none-eabi/lib/thumb/v7e-m\libnosys.a(_exit.o)
 .text._exit    0x0000000000000000        0x2 d:/programlar/stm32cubeide/stm32cubeide_1.3.0/stm32cubeide/plugins/com.st.stm32cube.ide.mcu.externaltools.gnu-tools-for-stm32.7-2018-q2-update.win32_1.0.0.201904181610/tools/bin/../lib/gcc/arm-none-eabi/7.3.1/../../../../arm-none-eabi/lib/thumb/v7e-m\libnosys.a(_exit.o)
 .debug_frame   0x0000000000000000       0x20 d:/programlar/stm32cubeide/stm32cubeide_1.3.0/stm32cubeide/plugins/com.st.stm32cube.ide.mcu.externaltools.gnu-tools-for-stm32.7-2018-q2-update.win32_1.0.0.201904181610/tools/bin/../lib/gcc/arm-none-eabi/7.3.1/../../../../arm-none-eabi/lib/thumb/v7e-m\libnosys.a(_exit.o)
 .ARM.attributes
                0x0000000000000000       0x2e d:/programlar/stm32cubeide/stm32cubeide_1.3.0/stm32cubeide/plugins/com.st.stm32cube.ide.mcu.externaltools.gnu-tools-for-stm32.7-2018-q2-update.win32_1.0.0.201904181610/tools/bin/../lib/gcc/arm-none-eabi/7.3.1/../../../../arm-none-eabi/lib/thumb/v7e-m\libnosys.a(_exit.o)
 .text          0x0000000000000000        0x0 d:/programlar/stm32cubeide/stm32cubeide_1.3.0/stm32cubeide/plugins/com.st.stm32cube.ide.mcu.externaltools.gnu-tools-for-stm32.7-2018-q2-update.win32_1.0.0.201904181610/tools/bin/../lib/gcc/arm-none-eabi/7.3.1/thumb/v7e-m/crtend.o
 .data          0x0000000000000000        0x0 d:/programlar/stm32cubeide/stm32cubeide_1.3.0/stm32cubeide/plugins/com.st.stm32cube.ide.mcu.externaltools.gnu-tools-for-stm32.7-2018-q2-update.win32_1.0.0.201904181610/tools/bin/../lib/gcc/arm-none-eabi/7.3.1/thumb/v7e-m/crtend.o
 .bss           0x0000000000000000        0x0 d:/programlar/stm32cubeide/stm32cubeide_1.3.0/stm32cubeide/plugins/com.st.stm32cube.ide.mcu.externaltools.gnu-tools-for-stm32.7-2018-q2-update.win32_1.0.0.201904181610/tools/bin/../lib/gcc/arm-none-eabi/7.3.1/thumb/v7e-m/crtend.o
 .eh_frame      0x0000000000000000        0x4 d:/programlar/stm32cubeide/stm32cubeide_1.3.0/stm32cubeide/plugins/com.st.stm32cube.ide.mcu.externaltools.gnu-tools-for-stm32.7-2018-q2-update.win32_1.0.0.201904181610/tools/bin/../lib/gcc/arm-none-eabi/7.3.1/thumb/v7e-m/crtend.o
 .ARM.attributes
                0x0000000000000000       0x2e d:/programlar/stm32cubeide/stm32cubeide_1.3.0/stm32cubeide/plugins/com.st.stm32cube.ide.mcu.externaltools.gnu-tools-for-stm32.7-2018-q2-update.win32_1.0.0.201904181610/tools/bin/../lib/gcc/arm-none-eabi/7.3.1/thumb/v7e-m/crtend.o
 .text          0x0000000000000000        0x0 d:/programlar/stm32cubeide/stm32cubeide_1.3.0/stm32cubeide/plugins/com.st.stm32cube.ide.mcu.externaltools.gnu-tools-for-stm32.7-2018-q2-update.win32_1.0.0.201904181610/tools/bin/../lib/gcc/arm-none-eabi/7.3.1/thumb/v7e-m/crtn.o
 .data          0x0000000000000000        0x0 d:/programlar/stm32cubeide/stm32cubeide_1.3.0/stm32cubeide/plugins/com.st.stm32cube.ide.mcu.externaltools.gnu-tools-for-stm32.7-2018-q2-update.win32_1.0.0.201904181610/tools/bin/../lib/gcc/arm-none-eabi/7.3.1/thumb/v7e-m/crtn.o
 .bss           0x0000000000000000        0x0 d:/programlar/stm32cubeide/stm32cubeide_1.3.0/stm32cubeide/plugins/com.st.stm32cube.ide.mcu.externaltools.gnu-tools-for-stm32.7-2018-q2-update.win32_1.0.0.201904181610/tools/bin/../lib/gcc/arm-none-eabi/7.3.1/thumb/v7e-m/crtn.o

Memory Configuration

Name             Origin             Length             Attributes
RAM              0x0000000020000000 0x0000000000020000 xrw
ROM              0x0000000008000000 0x0000000000100000 xr
*default*        0x0000000000000000 0xffffffffffffffff

Linker script and memory map

LOAD d:/programlar/stm32cubeide/stm32cubeide_1.3.0/stm32cubeide/plugins/com.st.stm32cube.ide.mcu.externaltools.gnu-tools-for-stm32.7-2018-q2-update.win32_1.0.0.201904181610/tools/bin/../lib/gcc/arm-none-eabi/7.3.1/thumb/v7e-m/crti.o
LOAD d:/programlar/stm32cubeide/stm32cubeide_1.3.0/stm32cubeide/plugins/com.st.stm32cube.ide.mcu.externaltools.gnu-tools-for-stm32.7-2018-q2-update.win32_1.0.0.201904181610/tools/bin/../lib/gcc/arm-none-eabi/7.3.1/thumb/v7e-m/crtbegin.o
LOAD d:/programlar/stm32cubeide/stm32cubeide_1.3.0/stm32cubeide/plugins/com.st.stm32cube.ide.mcu.externaltools.gnu-tools-for-stm32.7-2018-q2-update.win32_1.0.0.201904181610/tools/bin/../lib/gcc/arm-none-eabi/7.3.1/../../../../arm-none-eabi/lib/thumb/v7e-m/crt0.o
LOAD startup_stm32f407vgtx.o
LOAD system_stm32f4xx.o
LOAD systick.o
START GROUP
LOAD d:/programlar/stm32cubeide/stm32cubeide_1.3.0/stm32cubeide/plugins/com.st.stm32cube.ide.mcu.externaltools.gnu-tools-for-stm32.7-2018-q2-update.win32_1.0.0.201904181610/tools/bin/../lib/gcc/arm-none-eabi/7.3.1/../../../../arm-none-eabi/lib/thumb/v7e-m\libc_nano.a
LOAD d:/programlar/stm32cubeide/stm32cubeide_1.3.0/stm32cubeide/plugins/com.st.stm32cube.ide.mcu.externaltools.gnu-tools-for-stm32.7-2018-q2-update.win32_1.0.0.201904181610/tools/bin/../lib/gcc/arm-none-eabi/7.3.1/../../../../arm-none-eabi/lib/thumb/v7e-m\libm.a
END GROUP
START GROUP
LOAD d:/programlar/stm32cubeide/stm32cubeide_1.3.0/stm32cubeide/plugins/com.st.stm32cube.ide.mcu.externaltools.gnu-tools-for-stm32.7-2018-q2-update.win32_1.0.0.201904181610/tools/bin/../lib/gcc/arm-none-eabi/7.3.1/thumb/v7e-m\libgcc.a
LOAD d:/programlar/stm32cubeide/stm32cubeide_1.3.0/stm32cubeide/plugins/com.st.stm32cube.ide.mcu.externaltools.gnu-tools-for-stm32.7-2018-q2-update.win32_1.0.0.201904181610/tools/bin/../lib/gcc/arm-none-eabi/7.3.1/../../../../arm-none-eabi/lib/thumb/v7e-m\libc_nano.a
END GROUP
START GROUP
LOAD d:/programlar/stm32cubeide/stm32cubeide_1.3.0/stm32cubeide/plugins/com.st.stm32cube.ide.mcu.externaltools.gnu-tools-for-stm32.7-2018-q2-update.win32_1.0.0.201904181610/tools/bin/../lib/gcc/arm-none-eabi/7.3.1/thumb/v7e-m\libgcc.a
LOAD d:/programlar/stm32cubeide/stm32cubeide_1.3.0/stm32cubeide/plugins/com.st.stm32cube.ide.mcu.externaltools.gnu-tools-for-stm32.7-2018-q2-update.win32_1.0.0.201904181610/tools/bin/../lib/gcc/arm-none-eabi/7.3.1/../../../../arm-none-eabi/lib/thumb/v7e-m\libc_nano.a
LOAD d:/programlar/stm32cubeide/stm32cubeide_1.3.0/stm32cubeide/plugins/com.st.stm32cube.ide.mcu.externaltools.gnu-tools-for-stm32.7-2018-q2-update.win32_1.0.0.201904181610/tools/bin/../lib/gcc/arm-none-eabi/7.3.1/../../../../arm-none-eabi/lib/thumb/v7e-m\libnosys.a
END GROUP
START GROUP
LOAD d:/programlar/stm32cubeide/stm32cubeide_1.3.0/stm32cubeide/plugins/com.st.stm32cube.ide.mcu.externaltools.gnu-tools-for-stm32.7-2018-q2-update.win32_1.0.0.201904181610/tools/bin/../lib/gcc/arm-none-eabi/7.3.1/thumb/v7e-m\libgcc.a
LOAD d:/programlar/stm32cubeide/stm32cubeide_1.3.0/stm32cubeide/plugins/com.st.stm32cube.ide.mcu.externaltools.gnu-tools-for-stm32.7-2018-q2-update.win32_1.0.0.201904181610/tools/bin/../lib/gcc/arm-none-eabi/7.3.1/../../../../arm-none-eabi/lib/thumb/v7e-m\libc_nano.a
LOAD d:/programlar/stm32cubeide/stm32cubeide_1.3.0/stm32cubeide/plugins/com.st.stm32cube.ide.mcu.externaltools.gnu-tools-for-stm32.7-2018-q2-update.win32_1.0.0.201904181610/tools/bin/../lib/gcc/arm-none-eabi/7.3.1/../../../../arm-none-eabi/lib/thumb/v7e-m\libnosys.a
END GROUP
LOAD d:/programlar/stm32cubeide/stm32cubeide_1.3.0/stm32cubeide/plugins/com.st.stm32cube.ide.mcu.externaltools.gnu-tools-for-stm32.7-2018-q2-update.win32_1.0.0.201904181610/tools/bin/../lib/gcc/arm-none-eabi/7.3.1/thumb/v7e-m/crtend.o
LOAD d:/programlar/stm32cubeide/stm32cubeide_1.3.0/stm32cubeide/plugins/com.st.stm32cube.ide.mcu.externaltools.gnu-tools-for-stm32.7-2018-q2-update.win32_1.0.0.201904181610/tools/bin/../lib/gcc/arm-none-eabi/7.3.1/thumb/v7e-m/crtn.o
                0x0000000020020000                _estack = 0x20020000
                0x0000000000000200                _Min_Heap_Size = 0x200
                0x0000000000000400                _Min_Stack_Size = 0x400

.isr_vector     0x0000000008000000      0x1a8
                0x0000000008000000                . = ALIGN (0x4)
 *(.isr_vector)
 .isr_vector    0x0000000008000000      0x1a8 startup_stm32f407vgtx.o
                0x0000000008000000                isr_vector
                0x00000000080001a8                . = ALIGN (0x4)

.text           0x00000000080001a8      0x2fc
                0x00000000080001a8                . = ALIGN (0x4)
 *(.text)
 .text          0x00000000080001a8       0x40 d:/programlar/stm32cubeide/stm32cubeide_1.3.0/stm32cubeide/plugins/com.st.stm32cube.ide.mcu.externaltools.gnu-tools-for-stm32.7-2018-q2-update.win32_1.0.0.201904181610/tools/bin/../lib/gcc/arm-none-eabi/7.3.1/thumb/v7e-m/crtbegin.o
 *(.text*)
 .text.Reset_Handler
                0x00000000080001e8       0x50 startup_stm32f407vgtx.o
                0x00000000080001e8                Reset_Handler
 .text.Default_Handler
                0x0000000008000238        0x2 startup_stm32f407vgtx.o
                0x0000000008000238                RTC_Alarm_IRQHandler
                0x0000000008000238                HASH_RNG_IRQHandler
                0x0000000008000238                EXTI2_IRQHandler
                0x0000000008000238                TIM8_CC_IRQHandler
                0x0000000008000238                DebugMon_Handler
                0x0000000008000238                TIM1_CC_IRQHandler
                0x0000000008000238                DMA2_Stream5_IRQHandler
                0x0000000008000238                HardFault_Handler
                0x0000000008000238                DMA1_Stream5_IRQHandler
                0x0000000008000238                PVD_IRQHandler
                0x0000000008000238                SDIO_IRQHandler
                0x0000000008000238                TAMP_STAMP_IRQHandler
                0x0000000008000238                PendSV_Handler
                0x0000000008000238                NMI_Handler
                0x0000000008000238                CAN2_RX1_IRQHandler
                0x0000000008000238                EXTI3_IRQHandler
                0x0000000008000238                TIM8_TRG_COM_TIM14_IRQHandler
                0x0000000008000238                TIM1_UP_TIM10_IRQHandler
                0x0000000008000238                TIM8_UP_TIM13_IRQHandler
                0x0000000008000238                I2C3_ER_IRQHandler
                0x0000000008000238                LCD_TFT_IRQHandler
                0x0000000008000238                EXTI0_IRQHandler
                0x0000000008000238                I2C2_EV_IRQHandler
                0x0000000008000238                DMA1_Stream2_IRQHandler
                0x0000000008000238                CAN1_RX0_IRQHandler
                0x0000000008000238                FPU_IRQHandler
                0x0000000008000238                OTG_HS_WKUP_IRQHandler
                0x0000000008000238                UsageFault_Handler
                0x0000000008000238                CAN2_SCE_IRQHandler
                0x0000000008000238                DMA2_Stream2_IRQHandler
                0x0000000008000238                SPI1_IRQHandler
                0x0000000008000238                TIM6_DAC_IRQHandler
                0x0000000008000238                TIM1_BRK_TIM9_IRQHandler
                0x0000000008000238                DCMI_IRQHandler
                0x0000000008000238                CAN2_RX0_IRQHandler
                0x0000000008000238                DMA2_Stream3_IRQHandler
                0x0000000008000238                USART6_IRQHandler
                0x0000000008000238                USART3_IRQHandler
                0x0000000008000238                CRYP_IRQHandler
                0x0000000008000238                CAN1_RX1_IRQHandler
                0x0000000008000238                UART5_IRQHandler
                0x0000000008000238                DMA2_Stream0_IRQHandler
                0x0000000008000238                TIM4_IRQHandler
                0x0000000008000238                I2C1_EV_IRQHandler
                0x0000000008000238                DMA1_Stream6_IRQHandler
                0x0000000008000238                DMA1_Stream1_IRQHandler
                0x0000000008000238                UART4_IRQHandler
                0x0000000008000238                LCD_TFT_1_IRQHandler
                0x0000000008000238                TIM3_IRQHandler
                0x0000000008000238                RCC_IRQHandler
                0x0000000008000238                TIM8_BRK_TIM12_IRQHandler
                0x0000000008000238                Default_Handler
                0x0000000008000238                EXTI15_10_IRQHandler
                0x0000000008000238                ADC_IRQHandler
                0x0000000008000238                DMA1_Stream7_IRQHandler
                0x0000000008000238                TIM7_IRQHandler
                0x0000000008000238                CAN2_TX_IRQHandler
                0x0000000008000238                TIM5_IRQHandler
                0x0000000008000238                DMA2_Stream7_IRQHandler
                0x0000000008000238                I2C3_EV_IRQHandler
                0x0000000008000238                EXTI9_5_IRQHandler
                0x0000000008000238                RTC_WKUP_IRQHandler
                0x0000000008000238                ETH_WKUP_IRQHandler
                0x0000000008000238                SPI2_IRQHandler
                0x0000000008000238                OTG_HS_EP1_IN_IRQHandler
                0x0000000008000238                MemManage_Handler
                0x0000000008000238                DMA1_Stream0_IRQHandler
                0x0000000008000238                CAN1_TX_IRQHandler
                0x0000000008000238                SVC_Handler
                0x0000000008000238                EXTI4_IRQHandler
                0x0000000008000238                FSMC_IRQHandler
                0x0000000008000238                ETH_IRQHandler
                0x0000000008000238                OTG_HS_EP1_OUT_IRQHandler
                0x0000000008000238                WWDG_IRQHandler
                0x0000000008000238                TIM2_IRQHandler
                0x0000000008000238                OTG_FS_WKUP_IRQHandler
                0x0000000008000238                TIM1_TRG_COM_TIM11_IRQHandler
                0x0000000008000238                OTG_HS_IRQHandler
                0x0000000008000238                EXTI1_IRQHandler
                0x0000000008000238                USART2_IRQHandler
                0x0000000008000238                I2C2_ER_IRQHandler
                0x0000000008000238                DMA2_Stream1_IRQHandler
                0x0000000008000238                CAN1_SCE_IRQHandler
                0x0000000008000238                DMA2_Stream4_IRQHandler
                0x0000000008000238                BusFault_Handler
                0x0000000008000238                USART1_IRQHandler
                0x0000000008000238                OTG_FS_IRQHandler
                0x0000000008000238                SPI3_IRQHandler
                0x0000000008000238                DMA1_Stream4_IRQHandler
                0x0000000008000238                I2C1_ER_IRQHandler
                0x0000000008000238                DMA2_Stream6_IRQHandler
                0x0000000008000238                DMA1_Stream3_IRQHandler
 *fill*         0x000000000800023a        0x2 
 .text.SystemInit
                0x000000000800023c       0x50 system_stm32f4xx.o
                0x000000000800023c                SystemInit
 .text.set_sysclk_to_168
                0x000000000800028c       0xbc system_stm32f4xx.o
                0x000000000800028c                set_sysclk_to_168
 .text.SysTick_Handler
                0x0000000008000348       0x24 systick.o
                0x0000000008000348                SysTick_Handler
 .text.init_systick
                0x000000000800036c       0x50 systick.o
                0x000000000800036c                init_systick
 .text.main     0x00000000080003bc       0x60 systick.o
                0x00000000080003bc                main
 .text.delay_ms
                0x000000000800041c       0x28 systick.o
                0x000000000800041c                delay_ms
 .text.__libc_init_array
                0x0000000008000444       0x48 d:/programlar/stm32cubeide/stm32cubeide_1.3.0/stm32cubeide/plugins/com.st.stm32cube.ide.mcu.externaltools.gnu-tools-for-stm32.7-2018-q2-update.win32_1.0.0.201904181610/tools/bin/../lib/gcc/arm-none-eabi/7.3.1/../../../../arm-none-eabi/lib/thumb/v7e-m\libc_nano.a(lib_a-init.o)
                0x0000000008000444                __libc_init_array
 *(.glue_7)
 .glue_7        0x000000000800048c        0x0 linker stubs
 *(.glue_7t)
 .glue_7t       0x000000000800048c        0x0 linker stubs
 *(.eh_frame)
 .eh_frame      0x000000000800048c        0x0 d:/programlar/stm32cubeide/stm32cubeide_1.3.0/stm32cubeide/plugins/com.st.stm32cube.ide.mcu.externaltools.gnu-tools-for-stm32.7-2018-q2-update.win32_1.0.0.201904181610/tools/bin/../lib/gcc/arm-none-eabi/7.3.1/thumb/v7e-m/crtbegin.o
 *(.init)
 .init          0x000000000800048c        0x4 d:/programlar/stm32cubeide/stm32cubeide_1.3.0/stm32cubeide/plugins/com.st.stm32cube.ide.mcu.externaltools.gnu-tools-for-stm32.7-2018-q2-update.win32_1.0.0.201904181610/tools/bin/../lib/gcc/arm-none-eabi/7.3.1/thumb/v7e-m/crti.o
                0x000000000800048c                _init
 .init          0x0000000008000490        0x8 d:/programlar/stm32cubeide/stm32cubeide_1.3.0/stm32cubeide/plugins/com.st.stm32cube.ide.mcu.externaltools.gnu-tools-for-stm32.7-2018-q2-update.win32_1.0.0.201904181610/tools/bin/../lib/gcc/arm-none-eabi/7.3.1/thumb/v7e-m/crtn.o
 *(.fini)
 .fini          0x0000000008000498        0x4 d:/programlar/stm32cubeide/stm32cubeide_1.3.0/stm32cubeide/plugins/com.st.stm32cube.ide.mcu.externaltools.gnu-tools-for-stm32.7-2018-q2-update.win32_1.0.0.201904181610/tools/bin/../lib/gcc/arm-none-eabi/7.3.1/thumb/v7e-m/crti.o
                0x0000000008000498                _fini
 .fini          0x000000000800049c        0x8 d:/programlar/stm32cubeide/stm32cubeide_1.3.0/stm32cubeide/plugins/com.st.stm32cube.ide.mcu.externaltools.gnu-tools-for-stm32.7-2018-q2-update.win32_1.0.0.201904181610/tools/bin/../lib/gcc/arm-none-eabi/7.3.1/thumb/v7e-m/crtn.o
                0x00000000080004a4                . = ALIGN (0x4)
                0x00000000080004a4                _etext = .

.vfp11_veneer   0x00000000080004a4        0x0
 .vfp11_veneer  0x00000000080004a4        0x0 linker stubs

.v4_bx          0x00000000080004a4        0x0
 .v4_bx         0x00000000080004a4        0x0 linker stubs

.iplt           0x00000000080004a4        0x0
 .iplt          0x00000000080004a4        0x0 d:/programlar/stm32cubeide/stm32cubeide_1.3.0/stm32cubeide/plugins/com.st.stm32cube.ide.mcu.externaltools.gnu-tools-for-stm32.7-2018-q2-update.win32_1.0.0.201904181610/tools/bin/../lib/gcc/arm-none-eabi/7.3.1/thumb/v7e-m/crtbegin.o

.rel.dyn        0x00000000080004a4        0x0
 .rel.iplt      0x00000000080004a4        0x0 d:/programlar/stm32cubeide/stm32cubeide_1.3.0/stm32cubeide/plugins/com.st.stm32cube.ide.mcu.externaltools.gnu-tools-for-stm32.7-2018-q2-update.win32_1.0.0.201904181610/tools/bin/../lib/gcc/arm-none-eabi/7.3.1/thumb/v7e-m/crtbegin.o

.rodata         0x00000000080004a4        0x0
                0x00000000080004a4                . = ALIGN (0x4)
 *(.rodata)
 *(.rodata*)
                0x00000000080004a4                . = ALIGN (0x4)

.ARM.extab      0x00000000080004a4        0x0
                0x00000000080004a4                . = ALIGN (0x4)
 *(.ARM.extab* .gnu.linkonce.armextab.*)
                0x00000000080004a4                . = ALIGN (0x4)

.ARM            0x00000000080004a4        0x0
                0x00000000080004a4                . = ALIGN (0x4)
                0x00000000080004a4                __exidx_start = .
 *(.ARM.exidx*)
                0x00000000080004a4                __exidx_end = .
                0x00000000080004a4                . = ALIGN (0x4)

.preinit_array  0x00000000080004a4        0x0
                0x00000000080004a4                . = ALIGN (0x4)
                0x00000000080004a4                PROVIDE (__preinit_array_start = .)
 *(.preinit_array*)
                0x00000000080004a4                PROVIDE (__preinit_array_end = .)
                0x00000000080004a4                . = ALIGN (0x4)

.init_array     0x00000000080004a4        0x4
                0x00000000080004a4                . = ALIGN (0x4)
                0x00000000080004a4                PROVIDE (__init_array_start = .)
 *(SORT_BY_NAME(.init_array.*))
 *(.init_array*)
 .init_array    0x00000000080004a4        0x4 d:/programlar/stm32cubeide/stm32cubeide_1.3.0/stm32cubeide/plugins/com.st.stm32cube.ide.mcu.externaltools.gnu-tools-for-stm32.7-2018-q2-update.win32_1.0.0.201904181610/tools/bin/../lib/gcc/arm-none-eabi/7.3.1/thumb/v7e-m/crtbegin.o
                0x00000000080004a8                PROVIDE (__init_array_end = .)
                0x00000000080004a8                . = ALIGN (0x4)

.fini_array     0x00000000080004a8        0x4
                0x00000000080004a8                . = ALIGN (0x4)
                [!provide]                        PROVIDE (__fini_array_start = .)
 *(SORT_BY_NAME(.fini_array.*))
 *(.fini_array*)
 .fini_array    0x00000000080004a8        0x4 d:/programlar/stm32cubeide/stm32cubeide_1.3.0/stm32cubeide/plugins/com.st.stm32cube.ide.mcu.externaltools.gnu-tools-for-stm32.7-2018-q2-update.win32_1.0.0.201904181610/tools/bin/../lib/gcc/arm-none-eabi/7.3.1/thumb/v7e-m/crtbegin.o
                [!provide]                        PROVIDE (__fini_array_end = .)
                0x00000000080004ac                . = ALIGN (0x4)
                0x00000000080004ac                _sidata = LOADADDR (.data)

.data           0x0000000020000000        0x0 load address 0x00000000080004ac
                0x0000000020000000                . = ALIGN (0x4)
                0x0000000020000000                _sdata = .
 *(.data)
 *(.data*)
                0x0000000020000000                . = ALIGN (0x4)
                0x0000000020000000                _edata = .

.igot.plt       0x0000000020000000        0x0 load address 0x00000000080004ac
 .igot.plt      0x0000000020000000        0x0 d:/programlar/stm32cubeide/stm32cubeide_1.3.0/stm32cubeide/plugins/com.st.stm32cube.ide.mcu.externaltools.gnu-tools-for-stm32.7-2018-q2-update.win32_1.0.0.201904181610/tools/bin/../lib/gcc/arm-none-eabi/7.3.1/thumb/v7e-m/crtbegin.o
                0x0000000020000000                . = ALIGN (0x4)

.bss            0x0000000020000000       0x20 load address 0x00000000080004ac
                0x0000000020000000                _sbss = .
                0x0000000020000000                __bss_start__ = _sbss
 *(.bss)
 .bss           0x0000000020000000       0x1c d:/programlar/stm32cubeide/stm32cubeide_1.3.0/stm32cubeide/plugins/com.st.stm32cube.ide.mcu.externaltools.gnu-tools-for-stm32.7-2018-q2-update.win32_1.0.0.201904181610/tools/bin/../lib/gcc/arm-none-eabi/7.3.1/thumb/v7e-m/crtbegin.o
 *(.bss*)
 .bss.tDelay    0x000000002000001c        0x4 systick.o
 *(COMMON)
                0x0000000020000020                . = ALIGN (0x4)
                0x0000000020000020                _ebss = .
                0x0000000020000020                __bss_end__ = _ebss

._user_heap_stack
                0x0000000020000020      0x600 load address 0x00000000080004ac
                0x0000000020000020                . = ALIGN (0x8)
                [!provide]                        PROVIDE (end = .)
                [!provide]                        PROVIDE (_end = .)
                0x0000000020000220                . = (. + _Min_Heap_Size)
 *fill*         0x0000000020000020      0x200 
                0x0000000020000620                . = (. + _Min_Stack_Size)
 *fill*         0x0000000020000220      0x400 
                0x0000000020000620                . = ALIGN (0x8)

/DISCARD/
 libc.a(*)
 libm.a(*)
 libgcc.a(*)

.ARM.attributes
                0x0000000000000000       0x2a
 *(.ARM.attributes)
 .ARM.attributes
                0x0000000000000000       0x1e d:/programlar/stm32cubeide/stm32cubeide_1.3.0/stm32cubeide/plugins/com.st.stm32cube.ide.mcu.externaltools.gnu-tools-for-stm32.7-2018-q2-update.win32_1.0.0.201904181610/tools/bin/../lib/gcc/arm-none-eabi/7.3.1/thumb/v7e-m/crti.o
 .ARM.attributes
                0x000000000000001e       0x2e d:/programlar/stm32cubeide/stm32cubeide_1.3.0/stm32cubeide/plugins/com.st.stm32cube.ide.mcu.externaltools.gnu-tools-for-stm32.7-2018-q2-update.win32_1.0.0.201904181610/tools/bin/../lib/gcc/arm-none-eabi/7.3.1/thumb/v7e-m/crtbegin.o
 .ARM.attributes
                0x000000000000004c       0x21 startup_stm32f407vgtx.o
 .ARM.attributes
                0x000000000000006d       0x33 system_stm32f4xx.o
 .ARM.attributes
                0x00000000000000a0       0x33 systick.o
 .ARM.attributes
                0x00000000000000d3       0x2e d:/programlar/stm32cubeide/stm32cubeide_1.3.0/stm32cubeide/plugins/com.st.stm32cube.ide.mcu.externaltools.gnu-tools-for-stm32.7-2018-q2-update.win32_1.0.0.201904181610/tools/bin/../lib/gcc/arm-none-eabi/7.3.1/../../../../arm-none-eabi/lib/thumb/v7e-m\libc_nano.a(lib_a-init.o)
 .ARM.attributes
                0x0000000000000101       0x1e d:/programlar/stm32cubeide/stm32cubeide_1.3.0/stm32cubeide/plugins/com.st.stm32cube.ide.mcu.externaltools.gnu-tools-for-stm32.7-2018-q2-update.win32_1.0.0.201904181610/tools/bin/../lib/gcc/arm-none-eabi/7.3.1/thumb/v7e-m/crtn.o
OUTPUT(systick.elf elf32-littlearm)

.debug_line     0x0000000000000000      0xd18
 .debug_line    0x0000000000000000       0xa6 startup_stm32f407vgtx.o
 .debug_line    0x00000000000000a6      0x62c system_stm32f4xx.o
 .debug_line    0x00000000000006d2      0x646 systick.o

.debug_info     0x0000000000000000      0x72a
 .debug_info    0x0000000000000000       0x22 startup_stm32f407vgtx.o
 .debug_info    0x0000000000000022      0x31d system_stm32f4xx.o
 .debug_info    0x000000000000033f      0x3eb systick.o

.debug_abbrev   0x0000000000000000      0x1d3
 .debug_abbrev  0x0000000000000000       0x12 startup_stm32f407vgtx.o
 .debug_abbrev  0x0000000000000012       0xb4 system_stm32f4xx.o
 .debug_abbrev  0x00000000000000c6      0x10d systick.o

.debug_aranges  0x0000000000000000       0x88
 .debug_aranges
                0x0000000000000000       0x28 startup_stm32f407vgtx.o
 .debug_aranges
                0x0000000000000028       0x28 system_stm32f4xx.o
 .debug_aranges
                0x0000000000000050       0x38 systick.o

.debug_str      0x0000000000000000    0x86068
 .debug_str     0x0000000000000000       0xc3 startup_stm32f407vgtx.o
 .debug_str     0x00000000000000c3    0x85f0d system_stm32f4xx.o
                                      0x860f3 (size before relaxing)
 .debug_str     0x0000000000085fd0       0x98 systick.o
                                      0x86102 (size before relaxing)

.debug_ranges   0x0000000000000000       0x60
 .debug_ranges  0x0000000000000000       0x20 startup_stm32f407vgtx.o
 .debug_ranges  0x0000000000000020       0x18 system_stm32f4xx.o
 .debug_ranges  0x0000000000000038       0x28 systick.o

.debug_macro    0x0000000000000000    0x18088
 .debug_macro   0x0000000000000000       0xd7 system_stm32f4xx.o
 .debug_macro   0x00000000000000d7      0xa6c system_stm32f4xx.o
 .debug_macro   0x0000000000000b43       0x2c system_stm32f4xx.o
 .debug_macro   0x0000000000000b6f       0x2f system_stm32f4xx.o
 .debug_macro   0x0000000000000b9e       0x22 system_stm32f4xx.o
 .debug_macro   0x0000000000000bc0       0x8e system_stm32f4xx.o
 .debug_macro   0x0000000000000c4e       0x51 system_stm32f4xx.o
 .debug_macro   0x0000000000000c9f       0xef system_stm32f4xx.o
 .debug_macro   0x0000000000000d8e       0x6a system_stm32f4xx.o
 .debug_macro   0x0000000000000df8      0x1df system_stm32f4xx.o
 .debug_macro   0x0000000000000fd7       0x1c system_stm32f4xx.o
 .debug_macro   0x0000000000000ff3       0x22 system_stm32f4xx.o
 .debug_macro   0x0000000000001015      0x101 system_stm32f4xx.o
 .debug_macro   0x0000000000001116     0x1011 system_stm32f4xx.o
 .debug_macro   0x0000000000002127      0x11f system_stm32f4xx.o
 .debug_macro   0x0000000000002246    0x15d08 system_stm32f4xx.o
 .debug_macro   0x0000000000017f4e       0x43 system_stm32f4xx.o
 .debug_macro   0x0000000000017f91       0x1c system_stm32f4xx.o
 .debug_macro   0x0000000000017fad       0xdb systick.o

.comment        0x0000000000000000       0x7b
 .comment       0x0000000000000000       0x7b system_stm32f4xx.o
                                         0x7c (size before relaxing)
 .comment       0x000000000000007b       0x7c systick.o

.debug_frame    0x0000000000000000      0x118
 .debug_frame   0x0000000000000000       0x50 system_stm32f4xx.o
 .debug_frame   0x0000000000000050       0x9c systick.o
 .debug_frame   0x00000000000000ec       0x2c d:/programlar/stm32cubeide/stm32cubeide_1.3.0/stm32cubeide/plugins/com.st.stm32cube.ide.mcu.externaltools.gnu-tools-for-stm32.7-2018-q2-update.win32_1.0.0.201904181610/tools/bin/../lib/gcc/arm-none-eabi/7.3.1/../../../../arm-none-eabi/lib/thumb/v7e-m\libc_nano.a(lib_a-init.o)
