core_cm4.h:1684:22:__NVIC_EnableIRQ	16	static,ignoring_inline_asm
core_cm4.h:1814:22:__NVIC_SetPriority	16	static
main_P3.c:58:20:__i2c_start	4	static
main_P3.c:65:20:__i2c_stop	4	static
main_P3.c:72:6:spi_write	24	static
main_P3.c:92:9:spi_read	24	static
main_P3.c:113:6:i2c_write	16	static
main_P3.c:140:9:i2c_read	24	static
main_P3.c:182:6:init_EXT_int	8	static
main_P3.c:198:6:EXTI0_IRQHandler	16	static
main_P3.c:227:6:microphone	8	static
main_P3.c:240:6:metronome	8	static
main_P3.c:254:6:init_spi1	4	static
main_P3.c:292:6:init_i2c1	8	static
main_P3.c:349:6:I2C1_ER_IRQHandler	4	static
main_P3.c:356:6:init_i2s2	8	static
main_P3.c:409:6:SPI2_IRQHandler	16	static
main_P3.c:426:6:init_i2s3	4	static
main_P3.c:479:6:init_TIM	8	static
main_P3.c:503:6:TIM2_IRQHandler	8	static
main_P3.c:527:6:init_cs43l22	16	static
main_P3.c:587:6:init_LIS3DSH	16	static
main_P3.c:604:5:main	136	static
